Archive member included to satisfy reference by file (symbol)

c:/program files (x86)/atmel/studio/7.0/toolchain/arm/arm-gnu-toolchain/bin/../lib/gcc/arm-none-eabi/6.3.1/thumb/v6-m\libgcc.a(_aeabi_uldivmod.o)
                              hpl/sercom/hpl_sercom.o (__aeabi_uldivmod)
c:/program files (x86)/atmel/studio/7.0/toolchain/arm/arm-gnu-toolchain/bin/../lib/gcc/arm-none-eabi/6.3.1/thumb/v6-m\libgcc.a(_muldi3.o)
                              hpl/sercom/hpl_sercom.o (__aeabi_lmul)
c:/program files (x86)/atmel/studio/7.0/toolchain/arm/arm-gnu-toolchain/bin/../lib/gcc/arm-none-eabi/6.3.1/thumb/v6-m\libgcc.a(_ffssi2.o)
                              hpl/eic/hpl_eic.o (__ffssi2)
c:/program files (x86)/atmel/studio/7.0/toolchain/arm/arm-gnu-toolchain/bin/../lib/gcc/arm-none-eabi/6.3.1/thumb/v6-m\libgcc.a(_fixunsdfsi.o)
                              hpl/sercom/hpl_sercom.o (__aeabi_d2uiz)
c:/program files (x86)/atmel/studio/7.0/toolchain/arm/arm-gnu-toolchain/bin/../lib/gcc/arm-none-eabi/6.3.1/thumb/v6-m\libgcc.a(_udivmoddi4.o)
                              c:/program files (x86)/atmel/studio/7.0/toolchain/arm/arm-gnu-toolchain/bin/../lib/gcc/arm-none-eabi/6.3.1/thumb/v6-m\libgcc.a(_aeabi_uldivmod.o) (__udivmoddi4)
c:/program files (x86)/atmel/studio/7.0/toolchain/arm/arm-gnu-toolchain/bin/../lib/gcc/arm-none-eabi/6.3.1/thumb/v6-m\libgcc.a(divdf3.o)
                              hpl/sercom/hpl_sercom.o (__aeabi_ddiv)
c:/program files (x86)/atmel/studio/7.0/toolchain/arm/arm-gnu-toolchain/bin/../lib/gcc/arm-none-eabi/6.3.1/thumb/v6-m\libgcc.a(muldf3.o)
                              hpl/sercom/hpl_sercom.o (__aeabi_dmul)
c:/program files (x86)/atmel/studio/7.0/toolchain/arm/arm-gnu-toolchain/bin/../lib/gcc/arm-none-eabi/6.3.1/thumb/v6-m\libgcc.a(subdf3.o)
                              hpl/sercom/hpl_sercom.o (__aeabi_dsub)
c:/program files (x86)/atmel/studio/7.0/toolchain/arm/arm-gnu-toolchain/bin/../lib/gcc/arm-none-eabi/6.3.1/thumb/v6-m\libgcc.a(fixdfsi.o)
                              c:/program files (x86)/atmel/studio/7.0/toolchain/arm/arm-gnu-toolchain/bin/../lib/gcc/arm-none-eabi/6.3.1/thumb/v6-m\libgcc.a(_fixunsdfsi.o) (__aeabi_d2iz)
c:/program files (x86)/atmel/studio/7.0/toolchain/arm/arm-gnu-toolchain/bin/../lib/gcc/arm-none-eabi/6.3.1/thumb/v6-m\libgcc.a(floatsidf.o)
                              hpl/sercom/hpl_sercom.o (__aeabi_i2d)
c:/program files (x86)/atmel/studio/7.0/toolchain/arm/arm-gnu-toolchain/bin/../lib/gcc/arm-none-eabi/6.3.1/thumb/v6-m\libgcc.a(floatunsidf.o)
                              hpl/sercom/hpl_sercom.o (__aeabi_ui2d)
c:/program files (x86)/atmel/studio/7.0/toolchain/arm/arm-gnu-toolchain/bin/../lib/gcc/arm-none-eabi/6.3.1/thumb/v6-m\libgcc.a(_dvmd_tls.o)
                              c:/program files (x86)/atmel/studio/7.0/toolchain/arm/arm-gnu-toolchain/bin/../lib/gcc/arm-none-eabi/6.3.1/thumb/v6-m\libgcc.a(_aeabi_uldivmod.o) (__aeabi_ldiv0)
c:/program files (x86)/atmel/studio/7.0/toolchain/arm/arm-gnu-toolchain/bin/../lib/gcc/arm-none-eabi/6.3.1/thumb/v6-m\libgcc.a(_arm_cmpdf2.o)
                              c:/program files (x86)/atmel/studio/7.0/toolchain/arm/arm-gnu-toolchain/bin/../lib/gcc/arm-none-eabi/6.3.1/thumb/v6-m\libgcc.a(_fixunsdfsi.o) (__aeabi_dcmpge)
c:/program files (x86)/atmel/studio/7.0/toolchain/arm/arm-gnu-toolchain/bin/../lib/gcc/arm-none-eabi/6.3.1/thumb/v6-m\libgcc.a(_clzsi2.o)
                              c:/program files (x86)/atmel/studio/7.0/toolchain/arm/arm-gnu-toolchain/bin/../lib/gcc/arm-none-eabi/6.3.1/thumb/v6-m\libgcc.a(divdf3.o) (__clzsi2)
c:/program files (x86)/atmel/studio/7.0/toolchain/arm/arm-gnu-toolchain/bin/../lib/gcc/arm-none-eabi/6.3.1/thumb/v6-m\libgcc.a(_clzdi2.o)
                              c:/program files (x86)/atmel/studio/7.0/toolchain/arm/arm-gnu-toolchain/bin/../lib/gcc/arm-none-eabi/6.3.1/thumb/v6-m\libgcc.a(_udivmoddi4.o) (__clzdi2)
c:/program files (x86)/atmel/studio/7.0/toolchain/arm/arm-gnu-toolchain/bin/../lib/gcc/arm-none-eabi/6.3.1/thumb/v6-m\libgcc.a(_ctzsi2.o)
                              c:/program files (x86)/atmel/studio/7.0/toolchain/arm/arm-gnu-toolchain/bin/../lib/gcc/arm-none-eabi/6.3.1/thumb/v6-m\libgcc.a(_ffssi2.o) (__ctzsi2)
c:/program files (x86)/atmel/studio/7.0/toolchain/arm/arm-gnu-toolchain/bin/../lib/gcc/arm-none-eabi/6.3.1/thumb/v6-m\libgcc.a(eqdf2.o)
                              c:/program files (x86)/atmel/studio/7.0/toolchain/arm/arm-gnu-toolchain/bin/../lib/gcc/arm-none-eabi/6.3.1/thumb/v6-m\libgcc.a(_arm_cmpdf2.o) (__eqdf2)
c:/program files (x86)/atmel/studio/7.0/toolchain/arm/arm-gnu-toolchain/bin/../lib/gcc/arm-none-eabi/6.3.1/thumb/v6-m\libgcc.a(gedf2.o)
                              c:/program files (x86)/atmel/studio/7.0/toolchain/arm/arm-gnu-toolchain/bin/../lib/gcc/arm-none-eabi/6.3.1/thumb/v6-m\libgcc.a(_arm_cmpdf2.o) (__gedf2)
c:/program files (x86)/atmel/studio/7.0/toolchain/arm/arm-gnu-toolchain/bin/../lib/gcc/arm-none-eabi/6.3.1/thumb/v6-m\libgcc.a(ledf2.o)
[...]
Memory Configuration

Name             Origin             Length             Attributes
rom              0x00000000         0x00040000         xr
ram              0x20000000         0x00008000         xrw
*default*        0x00000000         0xffffffff

Linker script and memory map

LOAD c:/program files (x86)/atmel/studio/7.0/toolchain/arm/arm-gnu-toolchain/bin/../lib/gcc/arm-none-eabi/6.3.1/thumb/v6-m/crti.o
LOAD c:/program files (x86)/atmel/studio/7.0/toolchain/arm/arm-gnu-toolchain/bin/../lib/gcc/arm-none-eabi/6.3.1/thumb/v6-m/crtbegin.o
LOAD c:/program files (x86)/atmel/studio/7.0/toolchain/arm/arm-gnu-toolchain/bin/../lib/gcc/arm-none-eabi/6.3.1/../../../../arm-none-eabi/lib/thumb/v6-m/crt0.o
LOAD atmel_start.o
LOAD Device_Startup/startup_samc21.o
LOAD Device_Startup/system_samc21.o
LOAD driver_init.o
LOAD examples/driver_examples.o
LOAD hal/src/hal_atomic.o
LOAD hal/src/hal_delay.o
LOAD hal/src/hal_ext_irq.o
LOAD hal/src/hal_gpio.o
LOAD hal/src/hal_init.o
LOAD hal/src/hal_io.o
LOAD hal/src/hal_sleep.o
LOAD hal/src/hal_usart_async.o
LOAD hal/utils/src/utils_assert.o
LOAD hal/utils/src/utils_event.o
LOAD hal/utils/src/utils_list.o
LOAD hal/utils/src/utils_ringbuffer.o
LOAD hal/utils/src/utils_syscalls.o
LOAD hpl/core/hpl_core_m0plus_base.o
LOAD hpl/core/hpl_init.o
LOAD hpl/divas/hpl_divas.o
LOAD hpl/dmac/hpl_dmac.o
LOAD hpl/eic/hpl_eic.o
LOAD hpl/gclk/hpl_gclk.o
LOAD hpl/mclk/hpl_mclk.o
LOAD hpl/osc32kctrl/hpl_osc32kctrl.o
LOAD hpl/oscctrl/hpl_oscctrl.o
LOAD hpl/pm/hpl_pm.o
LOAD hpl/sercom/hpl_sercom.o
LOAD main.o
START GROUP
LOAD c:/program files (x86)/atmel/studio/7.0/toolchain/arm/arm-gnu-toolchain/bin/../lib/gcc/arm-none-eabi/6.3.1/../../../../arm-none-eabi/lib/thumb/v6-m\libm.a
END GROUP
START GROUP
LOAD c:/program files (x86)/atmel/studio/7.0/toolchain/arm/arm-gnu-toolchain/bin/../lib/gcc/arm-none-eabi/6.3.1/thumb/v6-m\libgcc.a
LOAD c:/program files (x86)/atmel/studio/7.0/toolchain/arm/arm-gnu-toolchain/bin/../lib/gcc/arm-none-eabi/6.3.1/../../../../arm-none-eabi/lib/thumb/v6-m\libc_nano.a
END GROUP
START GROUP
LOAD c:/program files (x86)/atmel/studio/7.0/toolchain/arm/arm-gnu-toolchain/bin/../lib/gcc/arm-none-eabi/6.3.1/thumb/v6-m\libgcc.a
LOAD c:/program files (x86)/atmel/studio/7.0/toolchain/arm/arm-gnu-toolchain/bin/../lib/gcc/arm-none-eabi/6.3.1/../../../../arm-none-eabi/lib/thumb/v6-m\libc_nano.a
END GROUP
LOAD c:/program files (x86)/atmel/studio/7.0/toolchain/arm/arm-gnu-toolchain/bin/../lib/gcc/arm-none-eabi/6.3.1/thumb/v6-m/crtend.o
LOAD c:/program files (x86)/atmel/studio/7.0/toolchain/arm/arm-gnu-toolchain/bin/../lib/gcc/arm-none-eabi/6.3.1/thumb/v6-m/crtn.o
                0x00002000                STACK_SIZE = DEFINED (STACK_SIZE)?STACK_SIZE:DEFINED (__stack_size__)?__stack_size__:0x2000

.text           0x00000000      0xf2c
                0x00000000                . = ALIGN (0x4)
                0x00000000                _sfixed = .
 *(.vectors .vectors.*)
 .vectors       0x00000000       0xbc Device_Startup/startup_samc21.o
                0x00000000                exception_table
 *(.text .text.* .gnu.linkonce.t.*)
 .text          0x000000bc       0x60 c:/program files (x86)/atmel/studio/7.0/toolchain/arm/arm-gnu-toolchain/bin/../lib/gcc/arm-none-eabi/6.3.1/thumb/v6-m/crtbegin.o
 .text.atmel_start_init
                0x0000011c        0xc atmel_start.o
                0x0000011c                atmel_start_init
 .text.Dummy_Handler
                0x00000128        0x2 Device_Startup/startup_samc21.o
                0x00000128                SVCall_Handler
                0x00000128                DMAC_Handler
                0x00000128                HardFault_Handler
                0x00000128                TC2_Handler
                0x00000128                AC_Handler
                0x00000128                SysTick_Handler
                0x00000128                PendSV_Handler
                0x00000128                SERCOM1_Handler
                0x00000128                NonMaskableInt_Handler
                0x00000128                TCC1_Handler
                0x00000128                SERCOM2_Handler
                0x00000128                TCC0_Handler
                0x00000128                RTC_Handler
                0x00000128                ADC1_Handler
                0x00000128                WDT_Handler
                0x00000128                CAN0_Handler
                0x00000128                TC4_Handler
                0x00000128                TC1_Handler
                0x00000128                TC3_Handler
                0x00000128                SDADC_Handler
                0x00000128                Dummy_Handler
                0x00000128                SERCOM5_Handler
                0x00000128                CAN1_Handler
                0x00000128                ADC0_Handler
                0x00000128                TSENS_Handler
                0x00000128                TCC2_Handler
                0x00000128                EVSYS_Handler
                0x00000128                SERCOM3_Handler
                0x00000128                SERCOM4_Handler
                0x00000128                NVMCTRL_Handler
                0x00000128                SYSTEM_Handler
                0x00000128                DAC_Handler
                0x00000128                PTC_Handler
                0x00000128                FREQM_Handler
                0x00000128                TC0_Handler
 *fill*         0x0000012a        0x2 
 .text.Reset_Handler
                0x0000012c       0x88 Device_Startup/startup_samc21.o
                0x0000012c                Reset_Handler
 .text.EXTERNAL_IRQ_0_init
                0x000001b4       0x68 driver_init.o
                0x000001b4                EXTERNAL_IRQ_0_init
 .text.USART_0_CLOCK_init
                0x0000021c       0x24 driver_init.o
                0x0000021c                USART_0_CLOCK_init
 .text.USART_0_PORT_init
                0x00000240       0x3e driver_init.o
                0x00000240                USART_0_PORT_init
 *fill*         0x0000027e        0x2 
 .text.USART_0_init
                0x00000280       0x38 driver_init.o
                0x00000280                USART_0_init
 .text.system_init
                0x000002b8       0x44 driver_init.o
                0x000002b8                system_init
 .text.atomic_enter_critical
                0x000002fc        0xe hal/src/hal_atomic.o
                0x000002fc                atomic_enter_critical
 .text.atomic_leave_critical
                0x0000030a        0xc hal/src/hal_atomic.o
                0x0000030a                atomic_leave_critical
 *fill*         0x00000316        0x2 
 .text.process_ext_irq
                0x00000318       0x38 hal/src/hal_ext_irq.o
 .text.ext_irq_init
                0x00000350       0x24 hal/src/hal_ext_irq.o
                0x00000350                ext_irq_init
 .text.io_write
                0x00000374       0x34 hal/src/hal_io.o
                0x00000374                io_write
 .text.io_read  0x000003a8       0x34 hal/src/hal_io.o
                0x000003a8                io_read
 .text.usart_transmission_complete
                0x000003dc       0x12 hal/src/hal_usart_async.o
 .text.usart_error
                0x000003ee       0x12 hal/src/hal_usart_async.o
 .text.usart_fill_rx_buffer
                0x00000400       0x1c hal/src/hal_usart_async.o
 .text.usart_async_write
                0x0000041c       0x64 hal/src/hal_usart_async.o
 .text.usart_process_byte_sent
                0x00000480       0x40 hal/src/hal_usart_async.o
 .text.usart_async_read
                0x000004c0       0xe0 hal/src/hal_usart_async.o
 .text.usart_async_init
                0x000005a0       0x98 hal/src/hal_usart_async.o
                0x000005a0                usart_async_init
 .text.usart_async_enable
                0x00000638       0x2c hal/src/hal_usart_async.o
                0x00000638                usart_async_enable
 .text.usart_async_register_callback
                0x00000664       0x78 hal/src/hal_usart_async.o
                0x00000664                usart_async_register_callback
 .text.assert   0x000006dc        0x8 hal/utils/src/utils_assert.o
                0x000006dc                assert
 .text.ringbuffer_init
                0x000006e4       0x54 hal/utils/src/utils_ringbuffer.o
                0x000006e4                ringbuffer_init
 .text.ringbuffer_get
                0x00000738       0x48 hal/utils/src/utils_ringbuffer.o
                0x00000738                ringbuffer_get
 .text.ringbuffer_put
                0x00000780       0x40 hal/utils/src/utils_ringbuffer.o
                0x00000780                ringbuffer_put
 .text.ringbuffer_num
                0x000007c0       0x24 hal/utils/src/utils_ringbuffer.o
                0x000007c0                ringbuffer_num
 .text._init_chip
                0x000007e4       0x40 hpl/core/hpl_init.o
                0x000007e4                _init_chip
 .text._div_init
                0x00000824        0xe hpl/divas/hpl_divas.o
                0x00000824                _div_init
 *fill*         0x00000832        0x2 
 .text._ext_irq_init
                0x00000834       0xb8 hpl/eic/hpl_eic.o
                0x00000834                _ext_irq_init
 .text.EIC_Handler
                0x000008ec       0xe0 hpl/eic/hpl_eic.o
                0x000008ec                EIC_Handler
 .text._gclk_init_generators_by_fref
                0x000009cc       0x24 hpl/gclk/hpl_gclk.o
                0x000009cc                _gclk_init_generators_by_fref
 .text._mclk_init
                0x000009f0        0xc hpl/mclk/hpl_mclk.o
                0x000009f0                _mclk_init
 .text._osc32kctrl_init_sources
                0x000009fc       0x18 hpl/osc32kctrl/hpl_osc32kctrl.o
                0x000009fc                _osc32kctrl_init_sources
 .text._oscctrl_init_sources
                0x00000a14       0x40 hpl/oscctrl/hpl_oscctrl.o
                0x00000a14                _oscctrl_init_sources
 .text._oscctrl_init_referenced_generators
                0x00000a54        0x2 hpl/oscctrl/hpl_oscctrl.o
                0x00000a54                _oscctrl_init_referenced_generators
 *fill*         0x00000a56        0x2 
 .text._usart_init
                0x00000a58       0x9c hpl/sercom/hpl_sercom.o
 .text._usart_async_init
                0x00000af4       0x7c hpl/sercom/hpl_sercom.o
                0x00000af4                _usart_async_init
 .text._usart_async_enable
                0x00000b70       0x14 hpl/sercom/hpl_sercom.o
                0x00000b70                _usart_async_enable
 .text._usart_async_write_byte
                0x00000b84        0x8 hpl/sercom/hpl_sercom.o
                0x00000b84                _usart_async_write_byte
 .text._usart_async_enable_byte_sent_irq
                0x00000b8c        0x8 hpl/sercom/hpl_sercom.o
                0x00000b8c                _usart_async_enable_byte_sent_irq
 .text._usart_async_enable_tx_done_irq
                0x00000b94        0x8 hpl/sercom/hpl_sercom.o
                0x00000b94                _usart_async_enable_tx_done_irq
 .text._usart_async_set_irq_state
                0x00000b9c       0x74 hpl/sercom/hpl_sercom.o
                0x00000b9c                _usart_async_set_irq_state
 .text.SERCOM0_Handler
                0x00000c10       0x6c hpl/sercom/hpl_sercom.o
                0x00000c10                SERCOM0_Handler
 .text.serial_tx_cb
                0x00000c7c        0x2 main.o
 *fill*         0x00000c7e        0x2 
 .text.serial_rx_cb
                0x00000c80       0x98 main.o
 .text.main     0x00000d18       0xa0 main.o
                0x00000d18                main
 .text          0x00000db8       0x14 c:/program files (x86)/atmel/studio/7.0/toolchain/arm/arm-gnu-toolchain/bin/../lib/gcc/arm-none-eabi/6.3.1/thumb/v6-m\libgcc.a(_ffssi2.o)
                0x00000db8                __ffssi2
 .text          0x00000dcc       0x40 c:/program files (x86)/atmel/studio/7.0/toolchain/arm/arm-gnu-toolchain/bin/../lib/gcc/arm-none-eabi/6.3.1/thumb/v6-m\libgcc.a(_ctzsi2.o)
                0x00000dcc                __ctzsi2
 .text.__libc_init_array
                0x00000e0c       0x48 c:/program files (x86)/atmel/studio/7.0/toolchain/arm/arm-gnu-toolchain/bin/../lib/gcc/arm-none-eabi/6.3.1/../../../../arm-none-eabi/lib/thumb/v6-m\libc_nano.a(lib_a-init.o)
                0x00000e0c                __libc_init_array
 .text.memcpy   0x00000e54       0x12 c:/program files (x86)/atmel/studio/7.0/toolchain/arm/arm-gnu-toolchain/bin/../lib/gcc/arm-none-eabi/6.3.1/../../../../arm-none-eabi/lib/thumb/v6-m\libc_nano.a(lib_a-memcpy-stub.o)
                0x00000e54                memcpy
 .text.memset   0x00000e66       0x10 c:/program files (x86)/atmel/studio/7.0/toolchain/arm/arm-gnu-toolchain/bin/../lib/gcc/arm-none-eabi/6.3.1/../../../../arm-none-eabi/lib/thumb/v6-m\libc_nano.a(lib_a-memset.o)
                0x00000e66                memset
 *(.glue_7t)
 .glue_7t       0x00000e76        0x0 linker stubs
 *(.glue_7)
 .glue_7        0x00000e76        0x0 linker stubs
 *(.rodata .rodata* .gnu.linkonce.r.*)
 *fill*         0x00000e76        0x2 
 .rodata.str1.4
                0x00000e78       0x14 hal/src/hal_io.o
 .rodata.str1.4
                0x00000e8c       0x1d hal/src/hal_usart_async.o
 *fill*         0x00000ea9        0x3 
 .rodata.str1.4
                0x00000eac       0x24 hal/utils/src/utils_ringbuffer.o
 .rodata        0x00000ed0        0x8 hpl/eic/hpl_eic.o
 .rodata.str1.4
                0x00000ed8       0x15 hpl/eic/hpl_eic.o
 *fill*         0x00000eed        0x3 
 .rodata.str1.4
                0x00000ef0       0x1c hpl/sercom/hpl_sercom.o
                                 0x1b (size before relaxing)
 *(.ARM.extab* .gnu.linkonce.armextab.*)
                0x00000f0c                . = ALIGN (0x4)
 *(.init)
 .init          0x00000f0c        0x4 c:/program files (x86)/atmel/studio/7.0/toolchain/arm/arm-gnu-toolchain/bin/../lib/gcc/arm-none-eabi/6.3.1/thumb/v6-m/crti.o
                0x00000f0c                _init
 .init          0x00000f10        0x8 c:/program files (x86)/atmel/studio/7.0/toolchain/arm/arm-gnu-toolchain/bin/../lib/gcc/arm-none-eabi/6.3.1/thumb/v6-m/crtn.o
                0x00000f18                . = ALIGN (0x4)
                0x00000f18                __preinit_array_start = .
 *(.preinit_array)
                0x00000f18                __preinit_array_end = .
                0x00000f18                . = ALIGN (0x4)
                0x00000f18                __init_array_start = .
 *(SORT(.init_array.*))
 *(.init_array)
 .init_array    0x00000f18        0x4 c:/program files (x86)/atmel/studio/7.0/toolchain/arm/arm-gnu-toolchain/bin/../lib/gcc/arm-none-eabi/6.3.1/thumb/v6-m/crtbegin.o
                0x00000f1c                __init_array_end = .
                0x00000f1c                . = ALIGN (0x4)
 *crtbegin.o(.ctors)
 *(EXCLUDE_FILE(*crtend.o) .ctors)
 *(SORT(.ctors.*))
 *crtend.o(.ctors)
                0x00000f1c                . = ALIGN (0x4)
 *(.fini)
 .fini          0x00000f1c        0x4 c:/program files (x86)/atmel/studio/7.0/toolchain/arm/arm-gnu-toolchain/bin/../lib/gcc/arm-none-eabi/6.3.1/thumb/v6-m/crti.o
                0x00000f1c                _fini
 .fini          0x00000f20        0x8 c:/program files (x86)/atmel/studio/7.0/toolchain/arm/arm-gnu-toolchain/bin/../lib/gcc/arm-none-eabi/6.3.1/thumb/v6-m/crtn.o
                0x00000f28                . = ALIGN (0x4)
                0x00000f28                __fini_array_start = .
 *(.fini_array)
 .fini_array    0x00000f28        0x4 c:/program files (x86)/atmel/studio/7.0/toolchain/arm/arm-gnu-toolchain/bin/../lib/gcc/arm-none-eabi/6.3.1/thumb/v6-m/crtbegin.o
 *(SORT(.fini_array.*))
                0x00000f2c                __fini_array_end = .
 *crtbegin.o(.dtors)
 *(EXCLUDE_FILE(*crtend.o) .dtors)
 *(SORT(.dtors.*))
 *crtend.o(.dtors)
                0x00000f2c                . = ALIGN (0x4)
                0x00000f2c                _efixed = .
                [!provide]                PROVIDE (__exidx_start, .)

.vfp11_veneer   0x00000f2c        0x0
 .vfp11_veneer  0x00000f2c        0x0 linker stubs

.v4_bx          0x00000f2c        0x0
 .v4_bx         0x00000f2c        0x0 linker stubs

.iplt           0x00000f2c        0x0
 .iplt          0x00000f2c        0x0 c:/program files (x86)/atmel/studio/7.0/toolchain/arm/arm-gnu-toolchain/bin/../lib/gcc/arm-none-eabi/6.3.1/thumb/v6-m/crtbegin.o

.eh_frame       0x00000f2c        0x0
 .eh_frame      0x00000f2c        0x0 c:/program files (x86)/atmel/studio/7.0/toolchain/arm/arm-gnu-toolchain/bin/../lib/gcc/arm-none-eabi/6.3.1/thumb/v6-m/crtbegin.o

.rel.dyn        0x00000f2c        0x0
 .rel.iplt      0x00000f2c        0x0 c:/program files (x86)/atmel/studio/7.0/toolchain/arm/arm-gnu-toolchain/bin/../lib/gcc/arm-none-eabi/6.3.1/thumb/v6-m/crtbegin.o

.jcr            0x00000f2c        0x0
 .jcr           0x00000f2c        0x0 c:/program files (x86)/atmel/studio/7.0/toolchain/arm/arm-gnu-toolchain/bin/../lib/gcc/arm-none-eabi/6.3.1/thumb/v6-m/crtbegin.o

.igot.plt       0x00000f2c        0x0
 .igot.plt      0x00000f2c        0x0 c:/program files (x86)/atmel/studio/7.0/toolchain/arm/arm-gnu-toolchain/bin/../lib/gcc/arm-none-eabi/6.3.1/thumb/v6-m/crtbegin.o

.ARM.exidx
 *(.ARM.exidx* .gnu.linkonce.armexidx.*)
                [!provide]                PROVIDE (__exidx_end, .)
                0x00000f2c                . = ALIGN (0x4)
                0x00000f2c                _etext = .

.relocate       0x20000000       0xd8 load address 0x00000f2c
                0x20000000                . = ALIGN (0x4)
                0x20000000                _srelocate = .
 *(.ramfunc .ramfunc.*)
 *(.data .data.*)
 .data          0x20000000       0xd6 main.o
                0x20000000                tx_buffer
                0x200000d8                . = ALIGN (0x4)
 *fill*         0x200000d6        0x2 
                0x200000d8                _erelocate = .

.bss            0x200000d8      0x15c load address 0x00001004
                0x200000d8                . = ALIGN (0x4)
                0x200000d8                _sbss = .
                0x200000d8                _szero = .
 *(.bss .bss.*)
 .bss           0x200000d8       0x1c c:/program files (x86)/atmel/studio/7.0/toolchain/arm/arm-gnu-toolchain/bin/../lib/gcc/arm-none-eabi/6.3.1/thumb/v6-m/crtbegin.o
 .bss           0x200000f4       0x10 driver_init.o
 .bss           0x20000104        0x8 hal/src/hal_ext_irq.o
 .bss           0x2000010c        0x4 hpl/eic/hpl_eic.o
 .bss           0x20000110        0x4 hpl/sercom/hpl_sercom.o
 .bss           0x20000114       0xce main.o
                0x20000114                serial_receiving
                0x20000115                serial_received_bytes_counter
                0x20000118                rx_buffer
                0x200001e0                serial_complete
                0x200001e1                total_bytes
 *(COMMON)
 *fill*         0x200001e2        0x2 
 COMMON         0x200001e4       0x50 driver_init.o
                0x200001e4                USART_0
                0x20000234                . = ALIGN (0x4)
                0x20000234                _ebss = .
                0x20000234                _ezero = .

.stack          0x20000234     0x2004 load address 0x00001160
                0x20000238                . = ALIGN (0x8)
 *fill*         0x20000234        0x4 
                0x20000238                _sstack = .
                0x20002238                . = (. + STACK_SIZE)
 *fill*         0x20000238     0x2000 
                0x20002238                . = ALIGN (0x8)
                0x20002238                _estack = .
                0x20002238                . = ALIGN (0x4)
                0x20002238                _end = .
OUTPUT(intrupt_uart_led.elf elf32-littlearm)

.ARM.attributes
                0x00000000       0x28
 .ARM.attributes
                0x00000000       0x1e c:/program files (x86)/atmel/studio/7.0/toolchain/arm/arm-gnu-toolchain/bin/../lib/gcc/arm-none-eabi/6.3.1/thumb/v6-m/crti.o
 .ARM.attributes
                0x0000001e       0x2c c:/program files (x86)/atmel/studio/7.0/toolchain/arm/arm-gnu-toolchain/bin/../lib/gcc/arm-none-eabi/6.3.1/thumb/v6-m/crtbegin.o
 .ARM.attributes
                0x0000004a       0x32 atmel_start.o
 .ARM.attributes
                0x0000007c       0x32 Device_Startup/startup_samc21.o
 .ARM.attributes
                0x000000ae       0x32 driver_init.o
 .ARM.attributes
                0x000000e0       0x32 hal/src/hal_atomic.o
 .ARM.attributes
                0x00000112       0x32 hal/src/hal_ext_irq.o
 .ARM.attributes
                0x00000144       0x32 hal/src/hal_io.o
 .ARM.attributes
                0x00000176       0x32 hal/src/hal_usart_async.o
 .ARM.attributes
                0x000001a8       0x32 hal/utils/src/utils_assert.o
 .ARM.attributes
                0x000001da       0x32 hal/utils/src/utils_ringbuffer.o
 .ARM.attributes
                0x0000020c       0x32 hpl/core/hpl_init.o
 .ARM.attributes
                0x0000023e       0x32 hpl/divas/hpl_divas.o
 .ARM.attributes
                0x00000270       0x32 hpl/eic/hpl_eic.o
 .ARM.attributes
                0x000002a2       0x32 hpl/gclk/hpl_gclk.o
 .ARM.attributes
                0x000002d4       0x32 hpl/mclk/hpl_mclk.o
 .ARM.attributes
                0x00000306       0x32 hpl/osc32kctrl/hpl_osc32kctrl.o
 .ARM.attributes
                0x00000338       0x32 hpl/oscctrl/hpl_oscctrl.o
 .ARM.attributes
                0x0000036a       0x32 hpl/sercom/hpl_sercom.o
 .ARM.attributes
                0x0000039c       0x32 main.o
 .ARM.attributes
                0x000003ce       0x2c c:/program files (x86)/atmel/studio/7.0/toolchain/arm/arm-gnu-toolchain/bin/../lib/gcc/arm-none-eabi/6.3.1/thumb/v6-m\libgcc.a(_ffssi2.o)
 .ARM.attributes
                0x000003fa       0x1e c:/program files (x86)/atmel/studio/7.0/toolchain/arm/arm-gnu-toolchain/bin/../lib/gcc/arm-none-eabi/6.3.1/thumb/v6-m\libgcc.a(_ctzsi2.o)
 .ARM.attributes
                0x00000418       0x2c c:/program files (x86)/atmel/studio/7.0/toolchain/arm/arm-gnu-toolchain/bin/../lib/gcc/arm-none-eabi/6.3.1/../../../../arm-none-eabi/lib/thumb/v6-m\libc_nano.a(lib_a-init.o)
 .ARM.attributes
                0x00000444       0x2c c:/program files (x86)/atmel/studio/7.0/toolchain/arm/arm-gnu-toolchain/bin/../lib/gcc/arm-none-eabi/6.3.1/../../../../arm-none-eabi/lib/thumb/v6-m\libc_nano.a(lib_a-memcpy-stub.o)
 .ARM.attributes
                0x00000470       0x2c c:/program files (x86)/atmel/studio/7.0/toolchain/arm/arm-gnu-toolchain/bin/../lib/gcc/arm-none-eabi/6.3.1/../../../../arm-none-eabi/lib/thumb/v6-m\libc_nano.a(lib_a-memset.o)
 .ARM.attributes
                0x0000049c       0x1e c:/program files (x86)/atmel/studio/7.0/toolchain/arm/arm-gnu-toolchain/bin/../lib/gcc/arm-none-eabi/6.3.1/thumb/v6-m/crtn.o

.comment        0x00000000       0x59
 .comment       0x00000000       0x59 atmel_start.o
                                 0x5a (size before relaxing)
 .comment       0x00000059       0x5a Device_Startup/startup_samc21.o
 .comment       0x00000059       0x5a driver_init.o
 .comment       0x00000059       0x5a hal/src/hal_atomic.o
 .comment       0x00000059       0x5a hal/src/hal_ext_irq.o
 .comment       0x00000059       0x5a hal/src/hal_io.o
 .comment       0x00000059       0x5a hal/src/hal_usart_async.o
 .comment       0x00000059       0x5a hal/utils/src/utils_assert.o
 .comment       0x00000059       0x5a hal/utils/src/utils_ringbuffer.o
 .comment       0x00000059       0x5a hpl/core/hpl_init.o
 .comment       0x00000059       0x5a hpl/divas/hpl_divas.o
 .comment       0x00000059       0x5a hpl/eic/hpl_eic.o
 .comment       0x00000059       0x5a hpl/gclk/hpl_gclk.o
 .comment       0x00000059       0x5a hpl/mclk/hpl_mclk.o
 .comment       0x00000059       0x5a hpl/osc32kctrl/hpl_osc32kctrl.o
 .comment       0x00000059       0x5a hpl/oscctrl/hpl_oscctrl.o
 .comment       0x00000059       0x5a hpl/sercom/hpl_sercom.o
 .comment       0x00000059       0x5a main.o

.debug_info     0x00000000    0x17231
 .debug_info    0x00000000      0x3d3 atmel_start.o
 .debug_info    0x000003d3      0x523 Device_Startup/startup_samc21.o
 .debug_info    0x000008f6     0x3e67 driver_init.o
 .debug_info    0x0000475d      0x1d1 hal/src/hal_atomic.o
 .debug_info    0x0000492e      0x367 hal/src/hal_ext_irq.o
 .debug_info    0x00004c95      0x2b2 hal/src/hal_io.o
 .debug_info    0x00004f47     0x1366 hal/src/hal_usart_async.o
 .debug_info    0x000062ad      0x107 hal/utils/src/utils_assert.o
 .debug_info    0x000063b4      0x313 hal/utils/src/utils_ringbuffer.o
 .debug_info    0x000066c7      0x75c hpl/core/hpl_init.o
 .debug_info    0x00006e23      0x854 hpl/divas/hpl_divas.o
 .debug_info    0x00007677     0x1aef hpl/eic/hpl_eic.o
 .debug_info    0x00009166      0x582 hpl/gclk/hpl_gclk.o
 .debug_info    0x000096e8      0x7c2 hpl/mclk/hpl_mclk.o
 .debug_info    0x00009eaa      0x770 hpl/osc32kctrl/hpl_osc32kctrl.o
 .debug_info    0x0000a61a      0xdd6 hpl/oscctrl/hpl_oscctrl.o
 .debug_info    0x0000b3f0     0xb7e4 hpl/sercom/hpl_sercom.o
 .debug_info    0x00016bd4      0x65d main.o

.debug_abbrev   0x00000000     0x2461
 .debug_abbrev  0x00000000       0xe3 atmel_start.o
 .debug_abbrev  0x000000e3      0x14f Device_Startup/startup_samc21.o
 .debug_abbrev  0x00000232      0x352 driver_init.o
 .debug_abbrev  0x00000584      0x144 hal/src/hal_atomic.o
 .debug_abbrev  0x000006c8      0x173 hal/src/hal_ext_irq.o
 .debug_abbrev  0x0000083b      0x115 hal/src/hal_io.o
 .debug_abbrev  0x00000950      0x29d hal/src/hal_usart_async.o
 .debug_abbrev  0x00000bed       0x86 hal/utils/src/utils_assert.o
 .debug_abbrev  0x00000c73      0x101 hal/utils/src/utils_ringbuffer.o
 .debug_abbrev  0x00000d74      0x1ce hpl/core/hpl_init.o
 .debug_abbrev  0x00000f42      0x232 hpl/divas/hpl_divas.o
 .debug_abbrev  0x00001174      0x42a hpl/eic/hpl_eic.o
 .debug_abbrev  0x0000159e      0x19a hpl/gclk/hpl_gclk.o
 .debug_abbrev  0x00001738      0x1ac hpl/mclk/hpl_mclk.o
 .debug_abbrev  0x000018e4      0x1d1 hpl/osc32kctrl/hpl_osc32kctrl.o
 .debug_abbrev  0x00001ab5      0x209 hpl/oscctrl/hpl_oscctrl.o
 .debug_abbrev  0x00001cbe      0x5b9 hpl/sercom/hpl_sercom.o
 .debug_abbrev  0x00002277      0x1ea main.o

.debug_loc      0x00000000     0xabb8
 .debug_loc     0x00000000       0x20 atmel_start.o
 .debug_loc     0x00000020       0x40 Device_Startup/startup_samc21.o
 .debug_loc     0x00000060      0x675 driver_init.o
 .debug_loc     0x000006d5       0x13 hal/src/hal_atomic.o
 .debug_loc     0x000006e8      0x32d hal/src/hal_ext_irq.o
 .debug_loc     0x00000a15      0x18a hal/src/hal_io.o
 .debug_loc     0x00000b9f      0xf97 hal/src/hal_usart_async.o
 .debug_loc     0x00001b36      0x2d1 hal/utils/src/utils_ringbuffer.o
 .debug_loc     0x00001e07       0x4c hpl/core/hpl_init.o
 .debug_loc     0x00001e53      0x2a5 hpl/divas/hpl_divas.o
 .debug_loc     0x000020f8      0x5e5 hpl/eic/hpl_eic.o
 .debug_loc     0x000026dd       0x72 hpl/gclk/hpl_gclk.o
 .debug_loc     0x0000274f       0x2c hpl/mclk/hpl_mclk.o
 .debug_loc     0x0000277b       0x94 hpl/osc32kctrl/hpl_osc32kctrl.o
 .debug_loc     0x0000280f       0x74 hpl/oscctrl/hpl_oscctrl.o
 .debug_loc     0x00002883     0x829e hpl/sercom/hpl_sercom.o
 .debug_loc     0x0000ab21       0x97 main.o

.debug_aranges  0x00000000      0x8a0
 .debug_aranges
                0x00000000       0x20 atmel_start.o
 .debug_aranges
                0x00000020       0x28 Device_Startup/startup_samc21.o
 .debug_aranges
                0x00000048       0x40 driver_init.o
 .debug_aranges
                0x00000088       0x30 hal/src/hal_atomic.o
 .debug_aranges
                0x000000b8       0x50 hal/src/hal_ext_irq.o
 .debug_aranges
                0x00000108       0x30 hal/src/hal_io.o
 .debug_aranges
                0x00000138       0xe0 hal/src/hal_usart_async.o
 .debug_aranges
                0x00000218       0x20 hal/utils/src/utils_assert.o
 .debug_aranges
                0x00000238       0x40 hal/utils/src/utils_ringbuffer.o
 .debug_aranges
                0x00000278       0x20 hpl/core/hpl_init.o
 .debug_aranges
                0x00000298       0x40 hpl/divas/hpl_divas.o
 .debug_aranges
                0x000002d8       0x38 hpl/eic/hpl_eic.o
 .debug_aranges
                0x00000310       0x28 hpl/gclk/hpl_gclk.o
 .debug_aranges
                0x00000338       0x20 hpl/mclk/hpl_mclk.o
 .debug_aranges
                0x00000358       0x20 hpl/osc32kctrl/hpl_osc32kctrl.o
 .debug_aranges
                0x00000378       0x28 hpl/oscctrl/hpl_oscctrl.o
 .debug_aranges
                0x000003a0      0x4d0 hpl/sercom/hpl_sercom.o
 .debug_aranges
                0x00000870       0x30 main.o

.debug_ranges   0x00000000      0xe18
 .debug_ranges  0x00000000       0x10 atmel_start.o
 .debug_ranges  0x00000010       0x18 Device_Startup/startup_samc21.o
 .debug_ranges  0x00000028       0x30 driver_init.o
 .debug_ranges  0x00000058       0x20 hal/src/hal_atomic.o
 .debug_ranges  0x00000078       0x40 hal/src/hal_ext_irq.o
 .debug_ranges  0x000000b8       0x20 hal/src/hal_io.o
 .debug_ranges  0x000000d8       0xf0 hal/src/hal_usart_async.o
 .debug_ranges  0x000001c8       0x10 hal/utils/src/utils_assert.o
 .debug_ranges  0x000001d8       0x30 hal/utils/src/utils_ringbuffer.o
 .debug_ranges  0x00000208       0x10 hpl/core/hpl_init.o
 .debug_ranges  0x00000218       0x30 hpl/divas/hpl_divas.o
 .debug_ranges  0x00000248       0x40 hpl/eic/hpl_eic.o
 .debug_ranges  0x00000288       0x18 hpl/gclk/hpl_gclk.o
 .debug_ranges  0x000002a0       0x10 hpl/mclk/hpl_mclk.o
 .debug_ranges  0x000002b0       0x10 hpl/osc32kctrl/hpl_osc32kctrl.o
 .debug_ranges  0x000002c0       0x48 hpl/oscctrl/hpl_oscctrl.o
 .debug_ranges  0x00000308      0xad8 hpl/sercom/hpl_sercom.o
 .debug_ranges  0x00000de0       0x38 main.o

.debug_macro    0x00000000    0x1cf9a
 .debug_macro   0x00000000      0x644 atmel_start.o
 .debug_macro   0x00000644      0x89e atmel_start.o
 .debug_macro   0x00000ee2      0x16d atmel_start.o
 .debug_macro   0x0000104f       0x22 atmel_start.o
 .debug_macro   0x00001071       0x87 atmel_start.o
 .debug_macro   0x000010f8       0x51 atmel_start.o
 .debug_macro   0x00001149       0xef atmel_start.o
 .debug_macro   0x00001238       0x6a atmel_start.o
 .debug_macro   0x000012a2      0x1df atmel_start.o
 .debug_macro   0x00001481       0x22 atmel_start.o
 .debug_macro   0x000014a3       0x3f atmel_start.o
 .debug_macro   0x000014e2       0x1c atmel_start.o
 .debug_macro   0x000014fe       0x22 atmel_start.o
 .debug_macro   0x00001520       0xb5 atmel_start.o
 .debug_macro   0x000015d5      0x4da atmel_start.o
 .debug_macro   0x00001aaf      0x11f atmel_start.o
 .debug_macro   0x00001bce      0x897 atmel_start.o
 .debug_macro   0x00002465      0x8c0 atmel_start.o
 .debug_macro   0x00002d25     0x2d61 atmel_start.o
 .debug_macro   0x00005a86      0x21e atmel_start.o
 .debug_macro   0x00005ca4      0x282 atmel_start.o
 .debug_macro   0x00005f26      0x130 atmel_start.o
 .debug_macro   0x00006056      0xd32 atmel_start.o
 .debug_macro   0x00006d88      0x61f atmel_start.o
 .debug_macro   0x000073a7      0x5be atmel_start.o
 .debug_macro   0x00007965      0x824 atmel_start.o
 .debug_macro   0x00008189      0x172 atmel_start.o
 .debug_macro   0x000082fb      0x306 atmel_start.o
 .debug_macro   0x00008601      0x55f atmel_start.o
 .debug_macro   0x00008b60      0x421 atmel_start.o
 .debug_macro   0x00008f81      0x21c atmel_start.o
 .debug_macro   0x0000919d      0x719 atmel_start.o
 .debug_macro   0x000098b6      0x5ab atmel_start.o
 .debug_macro   0x00009e61      0x335 atmel_start.o
 .debug_macro   0x0000a196      0x68d atmel_start.o
 .debug_macro   0x0000a823       0xc4 atmel_start.o
 .debug_macro   0x0000a8e7      0x340 atmel_start.o
 .debug_macro   0x0000ac27       0x6a atmel_start.o
 .debug_macro   0x0000ac91     0x124b atmel_start.o
 .debug_macro   0x0000bedc      0x5a5 atmel_start.o
 .debug_macro   0x0000c481      0xfc4 atmel_start.o
 .debug_macro   0x0000d445      0x59e atmel_start.o
 .debug_macro   0x0000d9e3      0x8ae atmel_start.o
 .debug_macro   0x0000e291     0x19be atmel_start.o
 .debug_macro   0x0000fc4f      0x39c atmel_start.o
 .debug_macro   0x0000ffeb      0x36a atmel_start.o
 .debug_macro   0x00010355       0x94 atmel_start.o
 .debug_macro   0x000103e9       0xac atmel_start.o
 .debug_macro   0x00010495       0xac atmel_start.o
 .debug_macro   0x00010541      0x149 atmel_start.o
 .debug_macro   0x0001068a      0x149 atmel_start.o
 .debug_macro   0x000107d3       0x4c atmel_start.o
 .debug_macro   0x0001081f       0x58 atmel_start.o
 .debug_macro   0x00010877       0x3a atmel_start.o
 .debug_macro   0x000108b1       0xd6 atmel_start.o
 .debug_macro   0x00010987       0xb8 atmel_start.o
 .debug_macro   0x00010a3f       0x64 atmel_start.o
 .debug_macro   0x00010aa3      0x5d7 atmel_start.o
 .debug_macro   0x0001107a       0x4c atmel_start.o
 .debug_macro   0x000110c6      0x1be atmel_start.o
 .debug_macro   0x00011284      0x184 atmel_start.o
 .debug_macro   0x00011408       0x52 atmel_start.o
 .debug_macro   0x0001145a       0xa0 atmel_start.o
 .debug_macro   0x000114fa       0xd6 atmel_start.o
 .debug_macro   0x000115d0       0x94 atmel_start.o
 .debug_macro   0x00011664       0x4c atmel_start.o
 .debug_macro   0x000116b0       0x64 atmel_start.o
 .debug_macro   0x00011714       0x22 atmel_start.o
 .debug_macro   0x00011736      0x16c atmel_start.o
 .debug_macro   0x000118a2       0x2e atmel_start.o
 .debug_macro   0x000118d0       0x16 atmel_start.o
 .debug_macro   0x000118e6       0xd6 atmel_start.o
 .debug_macro   0x000119bc       0xa0 atmel_start.o
 .debug_macro   0x00011a5c      0x133 atmel_start.o
 .debug_macro   0x00011b8f      0x133 atmel_start.o
 .debug_macro   0x00011cc2      0x133 atmel_start.o
 .debug_macro   0x00011df5      0x133 atmel_start.o
 .debug_macro   0x00011f28      0x133 atmel_start.o
 .debug_macro   0x0001205b      0x133 atmel_start.o
 .debug_macro   0x0001218e       0x4c atmel_start.o
 .debug_macro   0x000121da       0xfa atmel_start.o
 .debug_macro   0x000122d4       0xfa atmel_start.o
 .debug_macro   0x000123ce       0xfa atmel_start.o
 .debug_macro   0x000124c8       0xfa atmel_start.o
 .debug_macro   0x000125c2       0xfa atmel_start.o
 .debug_macro   0x000126bc      0x124 atmel_start.o
 .debug_macro   0x000127e0       0xfa atmel_start.o
 .debug_macro   0x000128da       0xee atmel_start.o
 .debug_macro   0x000129c8       0x76 atmel_start.o
 .debug_macro   0x00012a3e       0x3a atmel_start.o
 .debug_macro   0x00012a78      0x46b atmel_start.o
 .debug_macro   0x00012ee3     0x2678 atmel_start.o
 .debug_macro   0x0001555b       0x82 atmel_start.o
 .debug_macro   0x000155dd       0x10 atmel_start.o
 .debug_macro   0x000155ed       0x10 atmel_start.o
 .debug_macro   0x000155fd       0x16 atmel_start.o
 .debug_macro   0x00015613       0x16 atmel_start.o
 .debug_macro   0x00015629       0x16 atmel_start.o
 .debug_macro   0x0001563f       0x16 atmel_start.o
 .debug_macro   0x00015655       0x16 atmel_start.o
 .debug_macro   0x0001566b       0x16 atmel_start.o
 .debug_macro   0x00015681       0x16 atmel_start.o
 .debug_macro   0x00015697       0x16 atmel_start.o
 .debug_macro   0x000156ad       0x16 atmel_start.o
 .debug_macro   0x000156c3       0x16 atmel_start.o
 .debug_macro   0x000156d9       0x16 atmel_start.o
 .debug_macro   0x000156ef       0x16 atmel_start.o
 .debug_macro   0x00015705       0x16 atmel_start.o
 .debug_macro   0x0001571b       0x16 atmel_start.o
 .debug_macro   0x00015731       0x16 atmel_start.o
 .debug_macro   0x00015747       0x16 atmel_start.o
 .debug_macro   0x0001575d       0x16 atmel_start.o
 .debug_macro   0x00015773       0x16 atmel_start.o
 .debug_macro   0x00015789       0x16 atmel_start.o
 .debug_macro   0x0001579f       0x16 atmel_start.o
 .debug_macro   0x000157b5       0x16 atmel_start.o
 .debug_macro   0x000157cb      0x262 atmel_start.o
 .debug_macro   0x00015a2d       0x16 atmel_start.o
 .debug_macro   0x00015a43       0x94 atmel_start.o
 .debug_macro   0x00015ad7       0x16 atmel_start.o
 .debug_macro   0x00015aed       0xbe atmel_start.o
 .debug_macro   0x00015bab      0x28c atmel_start.o
 .debug_macro   0x00015e37       0x16 atmel_start.o
 .debug_macro   0x00015e4d       0x16 atmel_start.o
 .debug_macro   0x00015e63       0xca atmel_start.o
 .debug_macro   0x00015f2d       0x1c atmel_start.o
 .debug_macro   0x00015f49       0x16 atmel_start.o
 .debug_macro   0x00015f5f       0xcf atmel_start.o
 .debug_macro   0x0001602e       0x52 atmel_start.o
 .debug_macro   0x00016080      0x3ba Device_Startup/startup_samc21.o
 .debug_macro   0x0001643a       0x39 Device_Startup/startup_samc21.o
 .debug_macro   0x00016473      0x653 driver_init.o
 .debug_macro   0x00016ac6       0x34 driver_init.o
 .debug_macro   0x00016afa       0xc9 driver_init.o
 .debug_macro   0x00016bc3      0x53a hal/src/hal_atomic.o
 .debug_macro   0x000170fd      0x556 hal/src/hal_ext_irq.o
 .debug_macro   0x00017653      0x54f hal/src/hal_io.o
 .debug_macro   0x00017ba2      0x59e hal/src/hal_usart_async.o
 .debug_macro   0x00018140      0x544 hal/utils/src/utils_assert.o
 .debug_macro   0x00018684       0x10 hal/utils/src/utils_assert.o
 .debug_macro   0x00018694      0x549 hal/utils/src/utils_ringbuffer.o
 .debug_macro   0x00018bdd      0x5c9 hpl/core/hpl_init.o
 .debug_macro   0x000191a6       0x1c hpl/core/hpl_init.o
 .debug_macro   0x000191c2      0x772 hpl/core/hpl_init.o
 .debug_macro   0x00019934      0x562 hpl/divas/hpl_divas.o
 .debug_macro   0x00019e96      0x62f hpl/eic/hpl_eic.o
 .debug_macro   0x0001a4c5      0x256 hpl/eic/hpl_eic.o
 .debug_macro   0x0001a71b      0x553 hpl/gclk/hpl_gclk.o
 .debug_macro   0x0001ac6e      0x1f4 hpl/gclk/hpl_gclk.o
 .debug_macro   0x0001ae62      0x54e hpl/mclk/hpl_mclk.o
 .debug_macro   0x0001b3b0      0x549 hpl/osc32kctrl/hpl_osc32kctrl.o
 .debug_macro   0x0001b8f9       0xb8 hpl/osc32kctrl/hpl_osc32kctrl.o
 .debug_macro   0x0001b9b1      0x549 hpl/oscctrl/hpl_oscctrl.o
 .debug_macro   0x0001befa      0x130 hpl/oscctrl/hpl_oscctrl.o
 .debug_macro   0x0001c02a      0x79d hpl/sercom/hpl_sercom.o
 .debug_macro   0x0001c7c7       0x70 hpl/sercom/hpl_sercom.o
 .debug_macro   0x0001c837       0xba hpl/sercom/hpl_sercom.o
 .debug_macro   0x0001c8f1       0x10 hpl/sercom/hpl_sercom.o
 .debug_macro   0x0001c901       0x1c hpl/sercom/hpl_sercom.o
 .debug_macro   0x0001c91d       0x22 hpl/sercom/hpl_sercom.o
 .debug_macro   0x0001c93f       0x10 hpl/sercom/hpl_sercom.o
 .debug_macro   0x0001c94f      0x64b main.o

.debug_line     0x00000000     0xed8d
 .debug_line    0x00000000      0xc29 atmel_start.o
 .debug_line    0x00000c29      0x7c3 Device_Startup/startup_samc21.o
 .debug_line    0x000013ec      0xd00 driver_init.o
 .debug_line    0x000020ec      0xaf2 hal/src/hal_atomic.o
 .debug_line    0x00002bde      0xb5d hal/src/hal_ext_irq.o
 .debug_line    0x0000373b      0xb06 hal/src/hal_io.o
 .debug_line    0x00004241      0xde1 hal/src/hal_usart_async.o
 .debug_line    0x00005022      0xabc hal/utils/src/utils_assert.o
 .debug_line    0x00005ade      0xb5b hal/utils/src/utils_ringbuffer.o
 .debug_line    0x00006639      0xba9 hpl/core/hpl_init.o
 .debug_line    0x000071e2      0xbc4 hpl/divas/hpl_divas.o
 .debug_line    0x00007da6      0xcb2 hpl/eic/hpl_eic.o
 .debug_line    0x00008a58      0xb0e hpl/gclk/hpl_gclk.o
 .debug_line    0x00009566      0xae4 hpl/mclk/hpl_mclk.o
 .debug_line    0x0000a04a      0xaf9 hpl/osc32kctrl/hpl_osc32kctrl.o
 .debug_line    0x0000ab43      0xb4b hpl/oscctrl/hpl_oscctrl.o
 .debug_line    0x0000b68e     0x2a7b hpl/sercom/hpl_sercom.o
 .debug_line    0x0000e109      0xc84 main.o

.debug_str      0x00000000    0x96ed7
 .debug_str     0x00000000    0x895d2 atmel_start.o
                              0x8a157 (size before relaxing)
 .debug_str     0x000895d2      0x3e2 Device_Startup/startup_samc21.o
                              0x84cb7 (size before relaxing)
 .debug_str     0x000899b4     0x14b7 driver_init.o
                              0x8b6c7 (size before relaxing)
 .debug_str     0x0008ae6b       0xb7 hal/src/hal_atomic.o
                              0x89428 (size before relaxing)
 .debug_str     0x0008af22       0xcc hal/src/hal_ext_irq.o
                              0x894ed (size before relaxing)
 .debug_str     0x0008afee       0x44 hal/src/hal_io.o
                              0x894d5 (size before relaxing)
 .debug_str     0x0008b032      0x69d hal/src/hal_usart_async.o
                              0x8a33f (size before relaxing)
 .debug_str     0x0008b6cf       0x2a hal/utils/src/utils_assert.o
                              0x89438 (size before relaxing)
 .debug_str     0x0008b6f9       0x24 hal/utils/src/utils_ringbuffer.o
                              0x894de (size before relaxing)
 .debug_str     0x0008b71d     0x1ab4 hpl/core/hpl_init.o
                              0x8b96d (size before relaxing)
 .debug_str     0x0008d1d1      0x27b hpl/divas/hpl_divas.o
                              0x896a9 (size before relaxing)
 .debug_str     0x0008d44c     0x3ba9 hpl/eic/hpl_eic.o
                              0x8d630 (size before relaxing)
 .debug_str     0x00090ff5      0x81b hpl/gclk/hpl_gclk.o
                              0x89d6d (size before relaxing)
 .debug_str     0x00091810       0x47 hpl/mclk/hpl_mclk.o
                              0x897d6 (size before relaxing)
 .debug_str     0x00091857      0x528 hpl/osc32kctrl/hpl_osc32kctrl.o
                              0x89948 (size before relaxing)
 .debug_str     0x00091d7f      0x8db hpl/oscctrl/hpl_oscctrl.o
                              0x89d68 (size before relaxing)
 .debug_str     0x0009265a     0x47e7 hpl/sercom/hpl_sercom.o
                              0x8f1fc (size before relaxing)
 .debug_str     0x00096e41       0x96 main.o
                              0x8a283 (size before relaxing)

.debug_frame    0x00000000     0x1644
 .debug_frame   0x00000000       0x28 atmel_start.o
 .debug_frame   0x00000028       0x38 Device_Startup/startup_samc21.o
 .debug_frame   0x00000060       0x8c driver_init.o
 .debug_frame   0x000000ec       0x40 hal/src/hal_atomic.o
 .debug_frame   0x0000012c       0xb4 hal/src/hal_ext_irq.o
 .debug_frame   0x000001e0       0x58 hal/src/hal_io.o
 .debug_frame   0x00000238      0x2ac hal/src/hal_usart_async.o
 .debug_frame   0x000004e4       0x20 hal/utils/src/utils_assert.o
 .debug_frame   0x00000504       0x94 hal/utils/src/utils_ringbuffer.o
 .debug_frame   0x00000598       0x28 hpl/core/hpl_init.o
 .debug_frame   0x000005c0       0x90 hpl/divas/hpl_divas.o
 .debug_frame   0x00000650       0x68 hpl/eic/hpl_eic.o
 .debug_frame   0x000006b8       0x30 hpl/gclk/hpl_gclk.o
 .debug_frame   0x000006e8       0x20 hpl/mclk/hpl_mclk.o
 .debug_frame   0x00000708       0x20 hpl/osc32kctrl/hpl_osc32kctrl.o
 .debug_frame   0x00000728       0x30 hpl/oscctrl/hpl_oscctrl.o
 .debug_frame   0x00000758      0xdf4 hpl/sercom/hpl_sercom.o
 .debug_frame   0x0000154c       0x5c main.o
 .debug_frame   0x000015a8       0x28 c:/program files (x86)/atmel/studio/7.0/toolchain/arm/arm-gnu-toolchain/bin/../lib/gcc/arm-none-eabi/6.3.1/thumb/v6-m\libgcc.a(_ffssi2.o)
 .debug_frame   0x000015d0       0x2c c:/program files (x86)/atmel/studio/7.0/toolchain/arm/arm-gnu-toolchain/bin/../lib/gcc/arm-none-eabi/6.3.1/../../../../arm-none-eabi/lib/thumb/v6-m\libc_nano.a(lib_a-init.o)
 .debug_frame   0x000015fc       0x28 c:/program files (x86)/atmel/studio/7.0/toolchain/arm/arm-gnu-toolchain/bin/../lib/gcc/arm-none-eabi/6.3.1/../../../../arm-none-eabi/lib/thumb/v6-m\libc_nano.a(lib_a-memcpy-stub.o)
 .debug_frame   0x00001624       0x20 c:/program files (x86)/atmel/studio/7.0/toolchain/arm/arm-gnu-toolchain/bin/../lib/gcc/arm-none-eabi/6.3.1/../../../../arm-none-eabi/lib/thumb/v6-m\libc_nano.a(lib_a-memset.o)
