Archive member included to satisfy reference by file (symbol)

c:/program files (x86)/atmel/studio/7.0/toolchain/arm/arm-gnu-toolchain/bin/../lib/gcc/arm-none-eabi/6.3.1/thumb/v6-m\libgcc.a(_aeabi_uldivmod.o)
                              hpl/sercom/hpl_sercom.o (__aeabi_uldivmod)
c:/program files (x86)/atmel/studio/7.0/toolchain/arm/arm-gnu-toolchain/bin/../lib/gcc/arm-none-eabi/6.3.1/thumb/v6-m\libgcc.a(_muldi3.o)
                              hpl/sercom/hpl_sercom.o (__aeabi_lmul)
c:/program files (x86)/atmel/studio/7.0/toolchain/arm/arm-gnu-toolchain/bin/../lib/gcc/arm-none-eabi/6.3.1/thumb/v6-m\libgcc.a(_fixunsdfsi.o)
                              hpl/sercom/hpl_sercom.o (__aeabi_d2uiz)
c:/program files (x86)/atmel/studio/7.0/toolchain/arm/arm-gnu-toolchain/bin/../lib/gcc/arm-none-eabi/6.3.1/thumb/v6-m\libgcc.a(_udivmoddi4.o)
                              c:/program files (x86)/atmel/studio/7.0/toolchain/arm/arm-gnu-toolchain/bin/../lib/gcc/arm-none-eabi/6.3.1/thumb/v6-m\libgcc.a(_aeabi_uldivmod.o) (__udivmoddi4)
c:/program files (x86)/atmel/studio/7.0/toolchain/arm/arm-gnu-toolchain/bin/../lib/gcc/arm-none-eabi/6.3.1/thumb/v6-m\libgcc.a(divdf3.o)
                              hpl/sercom/hpl_sercom.o (__aeabi_ddiv)
c:/program files (x86)/atmel/studio/7.0/toolchain/arm/arm-gnu-toolchain/bin/../lib/gcc/arm-none-eabi/6.3.1/thumb/v6-m\libgcc.a(muldf3.o)
                              hpl/sercom/hpl_sercom.o (__aeabi_dmul)
c:/program files (x86)/atmel/studio/7.0/toolchain/arm/arm-gnu-toolchain/bin/../lib/gcc/arm-none-eabi/6.3.1/thumb/v6-m\libgcc.a(subdf3.o)
                              hpl/sercom/hpl_sercom.o (__aeabi_dsub)
c:/program files (x86)/atmel/studio/7.0/toolchain/arm/arm-gnu-toolchain/bin/../lib/gcc/arm-none-eabi/6.3.1/thumb/v6-m\libgcc.a(fixdfsi.o)
                              c:/program files (x86)/atmel/studio/7.0/toolchain/arm/arm-gnu-toolchain/bin/../lib/gcc/arm-none-eabi/6.3.1/thumb/v6-m\libgcc.a(_fixunsdfsi.o) (__aeabi_d2iz)
c:/program files (x86)/atmel/studio/7.0/toolchain/arm/arm-gnu-toolchain/bin/../lib/gcc/arm-none-eabi/6.3.1/thumb/v6-m\libgcc.a(floatsidf.o)
                              hpl/sercom/hpl_sercom.o (__aeabi_i2d)
c:/program files (x86)/atmel/studio/7.0/toolchain/arm/arm-gnu-toolchain/bin/../lib/gcc/arm-none-eabi/6.3.1/thumb/v6-m\libgcc.a(floatunsidf.o)
                              hpl/sercom/hpl_sercom.o (__aeabi_ui2d)
c:/program files (x86)/atmel/studio/7.0/toolchain/arm/arm-gnu-toolchain/bin/../lib/gcc/arm-none-eabi/6.3.1/thumb/v6-m\libgcc.a(_dvmd_tls.o)
                              c:/program files (x86)/atmel/studio/7.0/toolchain/arm/arm-gnu-toolchain/bin/../lib/gcc/arm-none-eabi/6.3.1/thumb/v6-m\libgcc.a(_aeabi_uldivmod.o) (__aeabi_ldiv0)
c:/program files (x86)/atmel/studio/7.0/toolchain/arm/arm-gnu-toolchain/bin/../lib/gcc/arm-none-eabi/6.3.1/thumb/v6-m\libgcc.a(_arm_cmpdf2.o)
                              c:/program files (x86)/atmel/studio/7.0/toolchain/arm/arm-gnu-toolchain/bin/../lib/gcc/arm-none-eabi/6.3.1/thumb/v6-m\libgcc.a(_fixunsdfsi.o) (__aeabi_dcmpge)
c:/program files (x86)/atmel/studio/7.0/toolchain/arm/arm-gnu-toolchain/bin/../lib/gcc/arm-none-eabi/6.3.1/thumb/v6-m\libgcc.a(_clzsi2.o)
                              c:/program files (x86)/atmel/studio/7.0/toolchain/arm/arm-gnu-toolchain/bin/../lib/gcc/arm-none-eabi/6.3.1/thumb/v6-m\libgcc.a(divdf3.o) (__clzsi2)
c:/program files (x86)/atmel/studio/7.0/toolchain/arm/arm-gnu-toolchain/bin/../lib/gcc/arm-none-eabi/6.3.1/thumb/v6-m\libgcc.a(_clzdi2.o)
                              c:/program files (x86)/atmel/studio/7.0/toolchain/arm/arm-gnu-toolchain/bin/../lib/gcc/arm-none-eabi/6.3.1/thumb/v6-m\libgcc.a(_udivmoddi4.o) (__clzdi2)
c:/program files (x86)/atmel/studio/7.0/toolchain/arm/arm-gnu-toolchain/bin/../lib/gcc/arm-none-eabi/6.3.1/thumb/v6-m\libgcc.a(eqdf2.o)
                              c:/program files (x86)/atmel/studio/7.0/toolchain/arm/arm-gnu-toolchain/bin/../lib/gcc/arm-none-eabi/6.3.1/thumb/v6-m\libgcc.a(_arm_cmpdf2.o) (__eqdf2)
c:/program files (x86)/atmel/studio/7.0/toolchain/arm/arm-gnu-toolchain/bin/../lib/gcc/arm-none-eabi/6.3.1/thumb/v6-m\libgcc.a(gedf2.o)
                              c:/program files (x86)/atmel/studio/7.0/toolchain/arm/arm-gnu-toolchain/bin/../lib/gcc/arm-none-eabi/6.3.1/thumb/v6-m\libgcc.a(_arm_cmpdf2.o) (__gedf2)
c:/program files (x86)/atmel/studio/7.0/toolchain/arm/arm-gnu-toolchain/bin/../lib/gcc/arm-none-eabi/6.3.1/thumb/v6-m\libgcc.a(ledf2.o)
                              c:/program files (x86)/atmel/studio/7.0/toolchain/arm/arm-gnu-toolchain/bin/../lib/gcc/arm-none-eabi/6.3.1/thumb/v6-m\libgcc.a(_arm_cmpdf2.o) (__ledf2)
c:/program files (x86)/atmel/studio/7.0/toolchain/arm/arm-gnu-toolchain/bin/../lib/gcc/arm-none-eabi/6.3.1/../../../../arm-none-eabi/lib/thumb/v6-m\libc_nano.a(lib_a-exit.o)
[...]
Memory Configuration

Name             Origin             Length             Attributes
rom              0x00000000         0x00040000         xr
ram              0x20000000         0x00008000         xrw
*default*        0x00000000         0xffffffff

Linker script and memory map

LOAD c:/program files (x86)/atmel/studio/7.0/toolchain/arm/arm-gnu-toolchain/bin/../lib/gcc/arm-none-eabi/6.3.1/thumb/v6-m/crti.o
LOAD c:/program files (x86)/atmel/studio/7.0/toolchain/arm/arm-gnu-toolchain/bin/../lib/gcc/arm-none-eabi/6.3.1/thumb/v6-m/crtbegin.o
LOAD c:/program files (x86)/atmel/studio/7.0/toolchain/arm/arm-gnu-toolchain/bin/../lib/gcc/arm-none-eabi/6.3.1/../../../../arm-none-eabi/lib/thumb/v6-m/crt0.o
LOAD atmel_start.o
LOAD Device_Startup/startup_samc21.o
LOAD Device_Startup/system_samc21.o
LOAD driver_init.o
LOAD examples/driver_examples.o
LOAD hal/src/hal_atomic.o
LOAD hal/src/hal_delay.o
LOAD hal/src/hal_gpio.o
LOAD hal/src/hal_init.o
LOAD hal/src/hal_io.o
LOAD hal/src/hal_sleep.o
LOAD hal/src/hal_usart_async.o
LOAD hal/utils/src/utils_assert.o
LOAD hal/utils/src/utils_event.o
LOAD hal/utils/src/utils_list.o
LOAD hal/utils/src/utils_ringbuffer.o
LOAD hal/utils/src/utils_syscalls.o
LOAD hpl/core/hpl_core_m0plus_base.o
LOAD hpl/core/hpl_init.o
LOAD hpl/divas/hpl_divas.o
LOAD hpl/dmac/hpl_dmac.o
LOAD hpl/gclk/hpl_gclk.o
LOAD hpl/mclk/hpl_mclk.o
LOAD hpl/osc32kctrl/hpl_osc32kctrl.o
LOAD hpl/oscctrl/hpl_oscctrl.o
LOAD hpl/pm/hpl_pm.o
LOAD hpl/sercom/hpl_sercom.o
LOAD main.o
START GROUP
LOAD c:/program files (x86)/atmel/studio/7.0/toolchain/arm/arm-gnu-toolchain/bin/../lib/gcc/arm-none-eabi/6.3.1/../../../../arm-none-eabi/lib/thumb/v6-m\libm.a
END GROUP
START GROUP
LOAD c:/program files (x86)/atmel/studio/7.0/toolchain/arm/arm-gnu-toolchain/bin/../lib/gcc/arm-none-eabi/6.3.1/thumb/v6-m\libgcc.a
LOAD c:/program files (x86)/atmel/studio/7.0/toolchain/arm/arm-gnu-toolchain/bin/../lib/gcc/arm-none-eabi/6.3.1/../../../../arm-none-eabi/lib/thumb/v6-m\libc_nano.a
END GROUP
START GROUP
LOAD c:/program files (x86)/atmel/studio/7.0/toolchain/arm/arm-gnu-toolchain/bin/../lib/gcc/arm-none-eabi/6.3.1/thumb/v6-m\libgcc.a
LOAD c:/program files (x86)/atmel/studio/7.0/toolchain/arm/arm-gnu-toolchain/bin/../lib/gcc/arm-none-eabi/6.3.1/../../../../arm-none-eabi/lib/thumb/v6-m\libc_nano.a
END GROUP
LOAD c:/program files (x86)/atmel/studio/7.0/toolchain/arm/arm-gnu-toolchain/bin/../lib/gcc/arm-none-eabi/6.3.1/thumb/v6-m/crtend.o
LOAD c:/program files (x86)/atmel/studio/7.0/toolchain/arm/arm-gnu-toolchain/bin/../lib/gcc/arm-none-eabi/6.3.1/thumb/v6-m/crtn.o
                0x00002000                STACK_SIZE = DEFINED (STACK_SIZE)?STACK_SIZE:DEFINED (__stack_size__)?__stack_size__:0x2000

.text           0x00000000      0xd40
                0x00000000                . = ALIGN (0x4)
                0x00000000                _sfixed = .
 *(.vectors .vectors.*)
 .vectors       0x00000000       0xbc Device_Startup/startup_samc21.o
                0x00000000                exception_table
 *(.text .text.* .gnu.linkonce.t.*)
 .text          0x000000bc       0x60 c:/program files (x86)/atmel/studio/7.0/toolchain/arm/arm-gnu-toolchain/bin/../lib/gcc/arm-none-eabi/6.3.1/thumb/v6-m/crtbegin.o
 .text.atmel_start_init
                0x0000011c        0xc atmel_start.o
                0x0000011c                atmel_start_init
 .text.Dummy_Handler
                0x00000128        0x2 Device_Startup/startup_samc21.o
                0x00000128                SVCall_Handler
                0x00000128                DMAC_Handler
                0x00000128                HardFault_Handler
                0x00000128                TC2_Handler
                0x00000128                AC_Handler
                0x00000128                SysTick_Handler
                0x00000128                PendSV_Handler
                0x00000128                SERCOM1_Handler
                0x00000128                NonMaskableInt_Handler
                0x00000128                TCC1_Handler
                0x00000128                SERCOM2_Handler
                0x00000128                TCC0_Handler
                0x00000128                RTC_Handler
                0x00000128                ADC1_Handler
                0x00000128                EIC_Handler
                0x00000128                WDT_Handler
                0x00000128                CAN0_Handler
                0x00000128                TC4_Handler
                0x00000128                TC1_Handler
                0x00000128                TC3_Handler
                0x00000128                SDADC_Handler
                0x00000128                Dummy_Handler
                0x00000128                SERCOM5_Handler
                0x00000128                CAN1_Handler
                0x00000128                ADC0_Handler
                0x00000128                TSENS_Handler
                0x00000128                TCC2_Handler
                0x00000128                EVSYS_Handler
                0x00000128                SERCOM3_Handler
                0x00000128                NVMCTRL_Handler
                0x00000128                SYSTEM_Handler
                0x00000128                SERCOM0_Handler
                0x00000128                DAC_Handler
                0x00000128                PTC_Handler
                0x00000128                FREQM_Handler
                0x00000128                TC0_Handler
 *fill*         0x0000012a        0x2 
 .text.Reset_Handler
                0x0000012c       0x88 Device_Startup/startup_samc21.o
                0x0000012c                Reset_Handler
 .text.USART_0_CLOCK_init
                0x000001b4       0x24 driver_init.o
                0x000001b4                USART_0_CLOCK_init
 .text.USART_0_PORT_init
                0x000001d8       0x3e driver_init.o
                0x000001d8                USART_0_PORT_init
 *fill*         0x00000216        0x2 
 .text.USART_0_init
                0x00000218       0x38 driver_init.o
                0x00000218                USART_0_init
 .text.system_init
                0x00000250       0x3c driver_init.o
                0x00000250                system_init
 .text.atomic_enter_critical
                0x0000028c        0xe hal/src/hal_atomic.o
                0x0000028c                atomic_enter_critical
 .text.atomic_leave_critical
                0x0000029a        0xc hal/src/hal_atomic.o
                0x0000029a                atomic_leave_critical
 *fill*         0x000002a6        0x2 
 .text.io_write
                0x000002a8       0x34 hal/src/hal_io.o
                0x000002a8                io_write
 .text.io_read  0x000002dc       0x34 hal/src/hal_io.o
                0x000002dc                io_read
 .text.usart_transmission_complete
                0x00000310       0x12 hal/src/hal_usart_async.o
 .text.usart_error
                0x00000322       0x12 hal/src/hal_usart_async.o
 .text.usart_fill_rx_buffer
                0x00000334       0x1c hal/src/hal_usart_async.o
 .text.usart_async_write
                0x00000350       0x64 hal/src/hal_usart_async.o
 .text.usart_process_byte_sent
                0x000003b4       0x40 hal/src/hal_usart_async.o
 .text.usart_async_read
                0x000003f4       0xe0 hal/src/hal_usart_async.o
 .text.usart_async_init
                0x000004d4       0x98 hal/src/hal_usart_async.o
                0x000004d4                usart_async_init
 .text.usart_async_enable
                0x0000056c       0x2c hal/src/hal_usart_async.o
                0x0000056c                usart_async_enable
 .text.usart_async_register_callback
                0x00000598       0x78 hal/src/hal_usart_async.o
                0x00000598                usart_async_register_callback
 .text.assert   0x00000610        0x8 hal/utils/src/utils_assert.o
                0x00000610                assert
 .text.ringbuffer_init
                0x00000618       0x54 hal/utils/src/utils_ringbuffer.o
                0x00000618                ringbuffer_init
 .text.ringbuffer_get
                0x0000066c       0x48 hal/utils/src/utils_ringbuffer.o
                0x0000066c                ringbuffer_get
 .text.ringbuffer_put
                0x000006b4       0x40 hal/utils/src/utils_ringbuffer.o
                0x000006b4                ringbuffer_put
 .text.ringbuffer_num
                0x000006f4       0x24 hal/utils/src/utils_ringbuffer.o
                0x000006f4                ringbuffer_num
 .text._init_chip
                0x00000718       0x40 hpl/core/hpl_init.o
                0x00000718                _init_chip
 .text._div_init
                0x00000758        0xe hpl/divas/hpl_divas.o
                0x00000758                _div_init
 .text.__aeabi_uidiv
                0x00000766       0x34 hpl/divas/hpl_divas.o
                0x00000766                __aeabi_uidiv
 *fill*         0x0000079a        0x2 
 .text.__aeabi_uidivmod
                0x0000079c       0x38 hpl/divas/hpl_divas.o
                0x0000079c                __aeabi_uidivmod
 .text._gclk_init_generators_by_fref
                0x000007d4       0x24 hpl/gclk/hpl_gclk.o
                0x000007d4                _gclk_init_generators_by_fref
 .text._mclk_init
                0x000007f8        0xc hpl/mclk/hpl_mclk.o
                0x000007f8                _mclk_init
 .text._osc32kctrl_init_sources
                0x00000804       0x18 hpl/osc32kctrl/hpl_osc32kctrl.o
                0x00000804                _osc32kctrl_init_sources
 .text._oscctrl_init_sources
                0x0000081c       0x40 hpl/oscctrl/hpl_oscctrl.o
                0x0000081c                _oscctrl_init_sources
 .text._oscctrl_init_referenced_generators
                0x0000085c        0x2 hpl/oscctrl/hpl_oscctrl.o
                0x0000085c                _oscctrl_init_referenced_generators
 *fill*         0x0000085e        0x2 
 .text._usart_init
                0x00000860       0x9c hpl/sercom/hpl_sercom.o
 .text._usart_async_init
                0x000008fc       0x7c hpl/sercom/hpl_sercom.o
                0x000008fc                _usart_async_init
 .text._usart_async_enable
                0x00000978       0x14 hpl/sercom/hpl_sercom.o
                0x00000978                _usart_async_enable
 .text._usart_async_write_byte
                0x0000098c        0x8 hpl/sercom/hpl_sercom.o
                0x0000098c                _usart_async_write_byte
 .text._usart_async_enable_byte_sent_irq
                0x00000994        0x8 hpl/sercom/hpl_sercom.o
                0x00000994                _usart_async_enable_byte_sent_irq
 .text._usart_async_enable_tx_done_irq
                0x0000099c        0x8 hpl/sercom/hpl_sercom.o
                0x0000099c                _usart_async_enable_tx_done_irq
 .text._usart_async_set_irq_state
                0x000009a4       0x74 hpl/sercom/hpl_sercom.o
                0x000009a4                _usart_async_set_irq_state
 .text.SERCOM4_Handler
                0x00000a18       0x6c hpl/sercom/hpl_sercom.o
                0x00000a18                SERCOM4_Handler
 .text.serial_tx_cb
                0x00000a84        0x2 main.o
 *fill*         0x00000a86        0x2 
 .text.serial_rx_cb
                0x00000a88       0x98 main.o
 .text.main     0x00000b20      0x120 main.o
                0x00000b20                main
 .text.__libc_init_array
                0x00000c40       0x48 c:/program files (x86)/atmel/studio/7.0/toolchain/arm/arm-gnu-toolchain/bin/../lib/gcc/arm-none-eabi/6.3.1/../../../../arm-none-eabi/lib/thumb/v6-m\libc_nano.a(lib_a-init.o)
                0x00000c40                __libc_init_array
 .text.memcpy   0x00000c88       0x12 c:/program files (x86)/atmel/studio/7.0/toolchain/arm/arm-gnu-toolchain/bin/../lib/gcc/arm-none-eabi/6.3.1/../../../../arm-none-eabi/lib/thumb/v6-m\libc_nano.a(lib_a-memcpy-stub.o)
                0x00000c88                memcpy
 .text.memset   0x00000c9a       0x10 c:/program files (x86)/atmel/studio/7.0/toolchain/arm/arm-gnu-toolchain/bin/../lib/gcc/arm-none-eabi/6.3.1/../../../../arm-none-eabi/lib/thumb/v6-m\libc_nano.a(lib_a-memset.o)
                0x00000c9a                memset
 *(.glue_7t)
 .glue_7t       0x00000caa        0x0 linker stubs
 *(.glue_7)
 .glue_7        0x00000caa        0x0 linker stubs
 *(.rodata .rodata* .gnu.linkonce.r.*)
 *fill*         0x00000caa        0x2 
 .rodata.str1.4
                0x00000cac       0x14 hal/src/hal_io.o
 .rodata.str1.4
                0x00000cc0       0x1d hal/src/hal_usart_async.o
 *fill*         0x00000cdd        0x3 
 .rodata.str1.4
                0x00000ce0       0x24 hal/utils/src/utils_ringbuffer.o
 .rodata.str1.4
                0x00000d04       0x1c hpl/sercom/hpl_sercom.o
                                 0x1b (size before relaxing)
 *(.ARM.extab* .gnu.linkonce.armextab.*)
                0x00000d20                . = ALIGN (0x4)
 *(.init)
 .init          0x00000d20        0x4 c:/program files (x86)/atmel/studio/7.0/toolchain/arm/arm-gnu-toolchain/bin/../lib/gcc/arm-none-eabi/6.3.1/thumb/v6-m/crti.o
                0x00000d20                _init
 .init          0x00000d24        0x8 c:/program files (x86)/atmel/studio/7.0/toolchain/arm/arm-gnu-toolchain/bin/../lib/gcc/arm-none-eabi/6.3.1/thumb/v6-m/crtn.o
                0x00000d2c                . = ALIGN (0x4)
                0x00000d2c                __preinit_array_start = .
 *(.preinit_array)
                0x00000d2c                __preinit_array_end = .
                0x00000d2c                . = ALIGN (0x4)
                0x00000d2c                __init_array_start = .
 *(SORT(.init_array.*))
 *(.init_array)
 .init_array    0x00000d2c        0x4 c:/program files (x86)/atmel/studio/7.0/toolchain/arm/arm-gnu-toolchain/bin/../lib/gcc/arm-none-eabi/6.3.1/thumb/v6-m/crtbegin.o
                0x00000d30                __init_array_end = .
                0x00000d30                . = ALIGN (0x4)
 *crtbegin.o(.ctors)
 *(EXCLUDE_FILE(*crtend.o) .ctors)
 *(SORT(.ctors.*))
 *crtend.o(.ctors)
                0x00000d30                . = ALIGN (0x4)
 *(.fini)
 .fini          0x00000d30        0x4 c:/program files (x86)/atmel/studio/7.0/toolchain/arm/arm-gnu-toolchain/bin/../lib/gcc/arm-none-eabi/6.3.1/thumb/v6-m/crti.o
                0x00000d30                _fini
 .fini          0x00000d34        0x8 c:/program files (x86)/atmel/studio/7.0/toolchain/arm/arm-gnu-toolchain/bin/../lib/gcc/arm-none-eabi/6.3.1/thumb/v6-m/crtn.o
                0x00000d3c                . = ALIGN (0x4)
                0x00000d3c                __fini_array_start = .
 *(.fini_array)
 .fini_array    0x00000d3c        0x4 c:/program files (x86)/atmel/studio/7.0/toolchain/arm/arm-gnu-toolchain/bin/../lib/gcc/arm-none-eabi/6.3.1/thumb/v6-m/crtbegin.o
 *(SORT(.fini_array.*))
                0x00000d40                __fini_array_end = .
 *crtbegin.o(.dtors)
 *(EXCLUDE_FILE(*crtend.o) .dtors)
 *(SORT(.dtors.*))
 *crtend.o(.dtors)
                0x00000d40                . = ALIGN (0x4)
                0x00000d40                _efixed = .
                [!provide]                PROVIDE (__exidx_start, .)

.vfp11_veneer   0x00000d40        0x0
 .vfp11_veneer  0x00000d40        0x0 linker stubs

.v4_bx          0x00000d40        0x0
 .v4_bx         0x00000d40        0x0 linker stubs

.iplt           0x00000d40        0x0
 .iplt          0x00000d40        0x0 c:/program files (x86)/atmel/studio/7.0/toolchain/arm/arm-gnu-toolchain/bin/../lib/gcc/arm-none-eabi/6.3.1/thumb/v6-m/crtbegin.o

.eh_frame       0x00000d40        0x0
 .eh_frame      0x00000d40        0x0 c:/program files (x86)/atmel/studio/7.0/toolchain/arm/arm-gnu-toolchain/bin/../lib/gcc/arm-none-eabi/6.3.1/thumb/v6-m/crtbegin.o

.rel.dyn        0x00000d40        0x0
 .rel.iplt      0x00000d40        0x0 c:/program files (x86)/atmel/studio/7.0/toolchain/arm/arm-gnu-toolchain/bin/../lib/gcc/arm-none-eabi/6.3.1/thumb/v6-m/crtbegin.o

.jcr            0x00000d40        0x0
 .jcr           0x00000d40        0x0 c:/program files (x86)/atmel/studio/7.0/toolchain/arm/arm-gnu-toolchain/bin/../lib/gcc/arm-none-eabi/6.3.1/thumb/v6-m/crtbegin.o

.igot.plt       0x00000d40        0x0
 .igot.plt      0x00000d40        0x0 c:/program files (x86)/atmel/studio/7.0/toolchain/arm/arm-gnu-toolchain/bin/../lib/gcc/arm-none-eabi/6.3.1/thumb/v6-m/crtbegin.o

.ARM.exidx
 *(.ARM.exidx* .gnu.linkonce.armexidx.*)
                [!provide]                PROVIDE (__exidx_end, .)
                0x00000d40                . = ALIGN (0x4)
                0x00000d40                _etext = .

.relocate       0x20000000       0xd8 load address 0x00000d40
                0x20000000                . = ALIGN (0x4)
                0x20000000                _srelocate = .
 *(.ramfunc .ramfunc.*)
 *(.data .data.*)
 .data          0x20000000       0xd6 main.o
                0x20000000                tx_buffer
                0x200000d8                . = ALIGN (0x4)
 *fill*         0x200000d6        0x2 
                0x200000d8                _erelocate = .

.bss            0x200000d8      0x150 load address 0x00000e18
                0x200000d8                . = ALIGN (0x4)
                0x200000d8                _sbss = .
                0x200000d8                _szero = .
 *(.bss .bss.*)
 .bss           0x200000d8       0x1c c:/program files (x86)/atmel/studio/7.0/toolchain/arm/arm-gnu-toolchain/bin/../lib/gcc/arm-none-eabi/6.3.1/thumb/v6-m/crtbegin.o
 .bss           0x200000f4       0x10 driver_init.o
 .bss           0x20000104        0x4 hpl/sercom/hpl_sercom.o
 .bss           0x20000108       0xce main.o
                0x20000108                serial_receiving
                0x20000109                serial_received_bytes_counter
                0x2000010c                rx_buffer
                0x200001d4                serial_complete
                0x200001d5                total_bytes
 *(COMMON)
 *fill*         0x200001d6        0x2 
 COMMON         0x200001d8       0x50 driver_init.o
                0x200001d8                USART_0
                0x20000228                . = ALIGN (0x4)
                0x20000228                _ebss = .
                0x20000228                _ezero = .

.stack          0x20000228     0x2000 load address 0x00000f68
                0x20000228                . = ALIGN (0x8)
                0x20000228                _sstack = .
                0x20002228                . = (. + STACK_SIZE)
 *fill*         0x20000228     0x2000 
                0x20002228                . = ALIGN (0x8)
                0x20002228                _estack = .
                0x20002228                . = ALIGN (0x4)
                0x20002228                _end = .
OUTPUT(UART_SWITCH.elf elf32-littlearm)

.ARM.attributes
                0x00000000       0x28
 .ARM.attributes
                0x00000000       0x1e c:/program files (x86)/atmel/studio/7.0/toolchain/arm/arm-gnu-toolchain/bin/../lib/gcc/arm-none-eabi/6.3.1/thumb/v6-m/crti.o
 .ARM.attributes
                0x0000001e       0x2c c:/program files (x86)/atmel/studio/7.0/toolchain/arm/arm-gnu-toolchain/bin/../lib/gcc/arm-none-eabi/6.3.1/thumb/v6-m/crtbegin.o
 .ARM.attributes
                0x0000004a       0x32 atmel_start.o
 .ARM.attributes
                0x0000007c       0x32 Device_Startup/startup_samc21.o
 .ARM.attributes
                0x000000ae       0x32 driver_init.o
 .ARM.attributes
                0x000000e0       0x32 hal/src/hal_atomic.o
 .ARM.attributes
                0x00000112       0x32 hal/src/hal_io.o
 .ARM.attributes
                0x00000144       0x32 hal/src/hal_usart_async.o
 .ARM.attributes
                0x00000176       0x32 hal/utils/src/utils_assert.o
 .ARM.attributes
                0x000001a8       0x32 hal/utils/src/utils_ringbuffer.o
 .ARM.attributes
                0x000001da       0x32 hpl/core/hpl_init.o
 .ARM.attributes
                0x0000020c       0x32 hpl/divas/hpl_divas.o
 .ARM.attributes
                0x0000023e       0x32 hpl/gclk/hpl_gclk.o
 .ARM.attributes
                0x00000270       0x32 hpl/mclk/hpl_mclk.o
 .ARM.attributes
                0x000002a2       0x32 hpl/osc32kctrl/hpl_osc32kctrl.o
 .ARM.attributes
                0x000002d4       0x32 hpl/oscctrl/hpl_oscctrl.o
 .ARM.attributes
                0x00000306       0x32 hpl/sercom/hpl_sercom.o
 .ARM.attributes
                0x00000338       0x32 main.o
 .ARM.attributes
                0x0000036a       0x2c c:/program files (x86)/atmel/studio/7.0/toolchain/arm/arm-gnu-toolchain/bin/../lib/gcc/arm-none-eabi/6.3.1/../../../../arm-none-eabi/lib/thumb/v6-m\libc_nano.a(lib_a-init.o)
 .ARM.attributes
                0x00000396       0x2c c:/program files (x86)/atmel/studio/7.0/toolchain/arm/arm-gnu-toolchain/bin/../lib/gcc/arm-none-eabi/6.3.1/../../../../arm-none-eabi/lib/thumb/v6-m\libc_nano.a(lib_a-memcpy-stub.o)
 .ARM.attributes
                0x000003c2       0x2c c:/program files (x86)/atmel/studio/7.0/toolchain/arm/arm-gnu-toolchain/bin/../lib/gcc/arm-none-eabi/6.3.1/../../../../arm-none-eabi/lib/thumb/v6-m\libc_nano.a(lib_a-memset.o)
 .ARM.attributes
                0x000003ee       0x1e c:/program files (x86)/atmel/studio/7.0/toolchain/arm/arm-gnu-toolchain/bin/../lib/gcc/arm-none-eabi/6.3.1/thumb/v6-m/crtn.o

.comment        0x00000000       0x59
 .comment       0x00000000       0x59 atmel_start.o
                                 0x5a (size before relaxing)
 .comment       0x00000059       0x5a Device_Startup/startup_samc21.o
 .comment       0x00000059       0x5a driver_init.o
 .comment       0x00000059       0x5a hal/src/hal_atomic.o
 .comment       0x00000059       0x5a hal/src/hal_io.o
 .comment       0x00000059       0x5a hal/src/hal_usart_async.o
 .comment       0x00000059       0x5a hal/utils/src/utils_assert.o
 .comment       0x00000059       0x5a hal/utils/src/utils_ringbuffer.o
 .comment       0x00000059       0x5a hpl/core/hpl_init.o
 .comment       0x00000059       0x5a hpl/divas/hpl_divas.o
 .comment       0x00000059       0x5a hpl/gclk/hpl_gclk.o
 .comment       0x00000059       0x5a hpl/mclk/hpl_mclk.o
 .comment       0x00000059       0x5a hpl/osc32kctrl/hpl_osc32kctrl.o
 .comment       0x00000059       0x5a hpl/oscctrl/hpl_oscctrl.o
 .comment       0x00000059       0x5a hpl/sercom/hpl_sercom.o
 .comment       0x00000059       0x5a main.o

.debug_info     0x00000000    0x15fc5
 .debug_info    0x00000000      0x3d3 atmel_start.o
 .debug_info    0x000003d3      0x523 Device_Startup/startup_samc21.o
 .debug_info    0x000008f6     0x3a4f driver_init.o
 .debug_info    0x00004345      0x1d1 hal/src/hal_atomic.o
 .debug_info    0x00004516      0x2b2 hal/src/hal_io.o
 .debug_info    0x000047c8     0x1366 hal/src/hal_usart_async.o
 .debug_info    0x00005b2e      0x107 hal/utils/src/utils_assert.o
 .debug_info    0x00005c35      0x313 hal/utils/src/utils_ringbuffer.o
 .debug_info    0x00005f48      0x75c hpl/core/hpl_init.o
 .debug_info    0x000066a4      0x854 hpl/divas/hpl_divas.o
 .debug_info    0x00006ef8      0x582 hpl/gclk/hpl_gclk.o
 .debug_info    0x0000747a      0x7c2 hpl/mclk/hpl_mclk.o
 .debug_info    0x00007c3c      0x770 hpl/osc32kctrl/hpl_osc32kctrl.o
 .debug_info    0x000083ac      0xdd6 hpl/oscctrl/hpl_oscctrl.o
 .debug_info    0x00009182     0xb7e4 hpl/sercom/hpl_sercom.o
 .debug_info    0x00014966     0x165f main.o

.debug_abbrev   0x00000000     0x2072
 .debug_abbrev  0x00000000       0xe3 atmel_start.o
 .debug_abbrev  0x000000e3      0x14f Device_Startup/startup_samc21.o
 .debug_abbrev  0x00000232      0x352 driver_init.o
 .debug_abbrev  0x00000584      0x144 hal/src/hal_atomic.o
 .debug_abbrev  0x000006c8      0x115 hal/src/hal_io.o
 .debug_abbrev  0x000007dd      0x29d hal/src/hal_usart_async.o
 .debug_abbrev  0x00000a7a       0x86 hal/utils/src/utils_assert.o
 .debug_abbrev  0x00000b00      0x101 hal/utils/src/utils_ringbuffer.o
 .debug_abbrev  0x00000c01      0x1ce hpl/core/hpl_init.o
 .debug_abbrev  0x00000dcf      0x232 hpl/divas/hpl_divas.o
 .debug_abbrev  0x00001001      0x19a hpl/gclk/hpl_gclk.o
 .debug_abbrev  0x0000119b      0x1ac hpl/mclk/hpl_mclk.o
 .debug_abbrev  0x00001347      0x1d1 hpl/osc32kctrl/hpl_osc32kctrl.o
 .debug_abbrev  0x00001518      0x209 hpl/oscctrl/hpl_oscctrl.o
 .debug_abbrev  0x00001721      0x5b9 hpl/sercom/hpl_sercom.o
 .debug_abbrev  0x00001cda      0x398 main.o

.debug_loc      0x00000000     0xa072
 .debug_loc     0x00000000       0x20 atmel_start.o
 .debug_loc     0x00000020       0x40 Device_Startup/startup_samc21.o
 .debug_loc     0x00000060      0x3b7 driver_init.o
 .debug_loc     0x00000417       0x13 hal/src/hal_atomic.o
 .debug_loc     0x0000042a      0x18a hal/src/hal_io.o
 .debug_loc     0x000005b4      0xf97 hal/src/hal_usart_async.o
 .debug_loc     0x0000154b      0x2d1 hal/utils/src/utils_ringbuffer.o
 .debug_loc     0x0000181c       0x4c hpl/core/hpl_init.o
 .debug_loc     0x00001868      0x2a5 hpl/divas/hpl_divas.o
 .debug_loc     0x00001b0d       0x72 hpl/gclk/hpl_gclk.o
 .debug_loc     0x00001b7f       0x2c hpl/mclk/hpl_mclk.o
 .debug_loc     0x00001bab       0x94 hpl/osc32kctrl/hpl_osc32kctrl.o
 .debug_loc     0x00001c3f       0x74 hpl/oscctrl/hpl_oscctrl.o
 .debug_loc     0x00001cb3     0x829e hpl/sercom/hpl_sercom.o
 .debug_loc     0x00009f51      0x121 main.o

.debug_aranges  0x00000000      0x810
 .debug_aranges
                0x00000000       0x20 atmel_start.o
 .debug_aranges
                0x00000020       0x28 Device_Startup/startup_samc21.o
 .debug_aranges
                0x00000048       0x38 driver_init.o
 .debug_aranges
                0x00000080       0x30 hal/src/hal_atomic.o
 .debug_aranges
                0x000000b0       0x30 hal/src/hal_io.o
 .debug_aranges
                0x000000e0       0xe0 hal/src/hal_usart_async.o
 .debug_aranges
                0x000001c0       0x20 hal/utils/src/utils_assert.o
 .debug_aranges
                0x000001e0       0x40 hal/utils/src/utils_ringbuffer.o
 .debug_aranges
                0x00000220       0x20 hpl/core/hpl_init.o
 .debug_aranges
                0x00000240       0x40 hpl/divas/hpl_divas.o
 .debug_aranges
                0x00000280       0x28 hpl/gclk/hpl_gclk.o
 .debug_aranges
                0x000002a8       0x20 hpl/mclk/hpl_mclk.o
 .debug_aranges
                0x000002c8       0x20 hpl/osc32kctrl/hpl_osc32kctrl.o
 .debug_aranges
                0x000002e8       0x28 hpl/oscctrl/hpl_oscctrl.o
 .debug_aranges
                0x00000310      0x4d0 hpl/sercom/hpl_sercom.o
 .debug_aranges
                0x000007e0       0x30 main.o

.debug_ranges   0x00000000      0xd78
 .debug_ranges  0x00000000       0x10 atmel_start.o
 .debug_ranges  0x00000010       0x18 Device_Startup/startup_samc21.o
 .debug_ranges  0x00000028       0x28 driver_init.o
 .debug_ranges  0x00000050       0x20 hal/src/hal_atomic.o
 .debug_ranges  0x00000070       0x20 hal/src/hal_io.o
 .debug_ranges  0x00000090       0xf0 hal/src/hal_usart_async.o
 .debug_ranges  0x00000180       0x10 hal/utils/src/utils_assert.o
 .debug_ranges  0x00000190       0x30 hal/utils/src/utils_ringbuffer.o
 .debug_ranges  0x000001c0       0x10 hpl/core/hpl_init.o
 .debug_ranges  0x000001d0       0x30 hpl/divas/hpl_divas.o
 .debug_ranges  0x00000200       0x18 hpl/gclk/hpl_gclk.o
 .debug_ranges  0x00000218       0x10 hpl/mclk/hpl_mclk.o
 .debug_ranges  0x00000228       0x10 hpl/osc32kctrl/hpl_osc32kctrl.o
 .debug_ranges  0x00000238       0x48 hpl/oscctrl/hpl_oscctrl.o
 .debug_ranges  0x00000280      0xad8 hpl/sercom/hpl_sercom.o
 .debug_ranges  0x00000d58       0x20 main.o

.debug_macro    0x00000000    0x1c22a
 .debug_macro   0x00000000      0x62e atmel_start.o
 .debug_macro   0x0000062e      0x89e atmel_start.o
 .debug_macro   0x00000ecc      0x16d atmel_start.o
 .debug_macro   0x00001039       0x22 atmel_start.o
 .debug_macro   0x0000105b       0x87 atmel_start.o
 .debug_macro   0x000010e2       0x51 atmel_start.o
 .debug_macro   0x00001133       0xef atmel_start.o
 .debug_macro   0x00001222       0x6a atmel_start.o
 .debug_macro   0x0000128c      0x1df atmel_start.o
 .debug_macro   0x0000146b       0x22 atmel_start.o
 .debug_macro   0x0000148d       0x3f atmel_start.o
 .debug_macro   0x000014cc       0x1c atmel_start.o
 .debug_macro   0x000014e8       0x22 atmel_start.o
 .debug_macro   0x0000150a       0xb5 atmel_start.o
 .debug_macro   0x000015bf      0x4da atmel_start.o
 .debug_macro   0x00001a99      0x11f atmel_start.o
 .debug_macro   0x00001bb8      0x897 atmel_start.o
 .debug_macro   0x0000244f      0x8c0 atmel_start.o
 .debug_macro   0x00002d0f     0x2d61 atmel_start.o
 .debug_macro   0x00005a70      0x21e atmel_start.o
 .debug_macro   0x00005c8e      0x282 atmel_start.o
 .debug_macro   0x00005f10      0x130 atmel_start.o
 .debug_macro   0x00006040      0xd32 atmel_start.o
 .debug_macro   0x00006d72      0x61f atmel_start.o
 .debug_macro   0x00007391      0x5be atmel_start.o
 .debug_macro   0x0000794f      0x824 atmel_start.o
 .debug_macro   0x00008173      0x172 atmel_start.o
 .debug_macro   0x000082e5      0x306 atmel_start.o
 .debug_macro   0x000085eb      0x55f atmel_start.o
 .debug_macro   0x00008b4a      0x421 atmel_start.o
 .debug_macro   0x00008f6b      0x21c atmel_start.o
 .debug_macro   0x00009187      0x719 atmel_start.o
 .debug_macro   0x000098a0      0x5ab atmel_start.o
 .debug_macro   0x00009e4b      0x335 atmel_start.o
 .debug_macro   0x0000a180      0x68d atmel_start.o
 .debug_macro   0x0000a80d       0xc4 atmel_start.o
 .debug_macro   0x0000a8d1      0x340 atmel_start.o
 .debug_macro   0x0000ac11       0x6a atmel_start.o
 .debug_macro   0x0000ac7b     0x124b atmel_start.o
 .debug_macro   0x0000bec6      0x5a5 atmel_start.o
 .debug_macro   0x0000c46b      0xfc4 atmel_start.o
 .debug_macro   0x0000d42f      0x59e atmel_start.o
 .debug_macro   0x0000d9cd      0x8ae atmel_start.o
 .debug_macro   0x0000e27b     0x19be atmel_start.o
 .debug_macro   0x0000fc39      0x39c atmel_start.o
 .debug_macro   0x0000ffd5      0x36a atmel_start.o
 .debug_macro   0x0001033f       0x94 atmel_start.o
 .debug_macro   0x000103d3       0xac atmel_start.o
 .debug_macro   0x0001047f       0xac atmel_start.o
 .debug_macro   0x0001052b      0x149 atmel_start.o
 .debug_macro   0x00010674      0x149 atmel_start.o
 .debug_macro   0x000107bd       0x4c atmel_start.o
 .debug_macro   0x00010809       0x58 atmel_start.o
 .debug_macro   0x00010861       0x3a atmel_start.o
 .debug_macro   0x0001089b       0xd6 atmel_start.o
 .debug_macro   0x00010971       0xb8 atmel_start.o
 .debug_macro   0x00010a29       0x64 atmel_start.o
 .debug_macro   0x00010a8d      0x5d7 atmel_start.o
 .debug_macro   0x00011064       0x4c atmel_start.o
 .debug_macro   0x000110b0      0x1be atmel_start.o
 .debug_macro   0x0001126e      0x184 atmel_start.o
 .debug_macro   0x000113f2       0x52 atmel_start.o
 .debug_macro   0x00011444       0xa0 atmel_start.o
 .debug_macro   0x000114e4       0xd6 atmel_start.o
 .debug_macro   0x000115ba       0x94 atmel_start.o
 .debug_macro   0x0001164e       0x4c atmel_start.o
 .debug_macro   0x0001169a       0x64 atmel_start.o
 .debug_macro   0x000116fe       0x22 atmel_start.o
 .debug_macro   0x00011720      0x16c atmel_start.o
 .debug_macro   0x0001188c       0x2e atmel_start.o
 .debug_macro   0x000118ba       0x16 atmel_start.o
 .debug_macro   0x000118d0       0xd6 atmel_start.o
 .debug_macro   0x000119a6       0xa0 atmel_start.o
 .debug_macro   0x00011a46      0x133 atmel_start.o
 .debug_macro   0x00011b79      0x133 atmel_start.o
 .debug_macro   0x00011cac      0x133 atmel_start.o
 .debug_macro   0x00011ddf      0x133 atmel_start.o
 .debug_macro   0x00011f12      0x133 atmel_start.o
 .debug_macro   0x00012045      0x133 atmel_start.o
 .debug_macro   0x00012178       0x4c atmel_start.o
 .debug_macro   0x000121c4       0xfa atmel_start.o
 .debug_macro   0x000122be       0xfa atmel_start.o
 .debug_macro   0x000123b8       0xfa atmel_start.o
 .debug_macro   0x000124b2       0xfa atmel_start.o
 .debug_macro   0x000125ac       0xfa atmel_start.o
 .debug_macro   0x000126a6      0x124 atmel_start.o
 .debug_macro   0x000127ca       0xfa atmel_start.o
 .debug_macro   0x000128c4       0xee atmel_start.o
 .debug_macro   0x000129b2       0x76 atmel_start.o
 .debug_macro   0x00012a28       0x3a atmel_start.o
 .debug_macro   0x00012a62      0x46b atmel_start.o
 .debug_macro   0x00012ecd     0x2678 atmel_start.o
 .debug_macro   0x00015545       0x82 atmel_start.o
 .debug_macro   0x000155c7       0x10 atmel_start.o
 .debug_macro   0x000155d7       0x10 atmel_start.o
 .debug_macro   0x000155e7       0x16 atmel_start.o
 .debug_macro   0x000155fd       0x16 atmel_start.o
 .debug_macro   0x00015613       0x16 atmel_start.o
 .debug_macro   0x00015629       0x16 atmel_start.o
 .debug_macro   0x0001563f       0x16 atmel_start.o
 .debug_macro   0x00015655       0x16 atmel_start.o
 .debug_macro   0x0001566b       0x16 atmel_start.o
 .debug_macro   0x00015681       0x16 atmel_start.o
 .debug_macro   0x00015697       0x16 atmel_start.o
 .debug_macro   0x000156ad       0x16 atmel_start.o
 .debug_macro   0x000156c3       0x16 atmel_start.o
 .debug_macro   0x000156d9       0x16 atmel_start.o
 .debug_macro   0x000156ef       0x16 atmel_start.o
 .debug_macro   0x00015705       0x16 atmel_start.o
 .debug_macro   0x0001571b       0x16 atmel_start.o
 .debug_macro   0x00015731       0x16 atmel_start.o
 .debug_macro   0x00015747       0x16 atmel_start.o
 .debug_macro   0x0001575d       0x16 atmel_start.o
 .debug_macro   0x00015773       0x16 atmel_start.o
 .debug_macro   0x00015789       0x16 atmel_start.o
 .debug_macro   0x0001579f       0x16 atmel_start.o
 .debug_macro   0x000157b5      0x262 atmel_start.o
 .debug_macro   0x00015a17       0x16 atmel_start.o
 .debug_macro   0x00015a2d       0x94 atmel_start.o
 .debug_macro   0x00015ac1       0x16 atmel_start.o
 .debug_macro   0x00015ad7       0xbe atmel_start.o
 .debug_macro   0x00015b95      0x28c atmel_start.o
 .debug_macro   0x00015e21       0x16 atmel_start.o
 .debug_macro   0x00015e37       0x16 atmel_start.o
 .debug_macro   0x00015e4d       0xca atmel_start.o
 .debug_macro   0x00015f17       0x1c atmel_start.o
 .debug_macro   0x00015f33       0x16 atmel_start.o
 .debug_macro   0x00015f49       0xcf atmel_start.o
 .debug_macro   0x00016018       0x4c atmel_start.o
 .debug_macro   0x00016064      0x3ba Device_Startup/startup_samc21.o
 .debug_macro   0x0001641e       0x39 Device_Startup/startup_samc21.o
 .debug_macro   0x00016457      0x63d driver_init.o
 .debug_macro   0x00016a94       0x28 driver_init.o
 .debug_macro   0x00016abc       0xc9 driver_init.o
 .debug_macro   0x00016b85      0x53a hal/src/hal_atomic.o
 .debug_macro   0x000170bf      0x54f hal/src/hal_io.o
 .debug_macro   0x0001760e      0x59e hal/src/hal_usart_async.o
 .debug_macro   0x00017bac      0x544 hal/utils/src/utils_assert.o
 .debug_macro   0x000180f0       0x10 hal/utils/src/utils_assert.o
 .debug_macro   0x00018100      0x549 hal/utils/src/utils_ringbuffer.o
 .debug_macro   0x00018649      0x5c9 hpl/core/hpl_init.o
 .debug_macro   0x00018c12       0x1c hpl/core/hpl_init.o
 .debug_macro   0x00018c2e      0x772 hpl/core/hpl_init.o
 .debug_macro   0x000193a0      0x562 hpl/divas/hpl_divas.o
 .debug_macro   0x00019902      0x553 hpl/gclk/hpl_gclk.o
 .debug_macro   0x00019e55      0x1f4 hpl/gclk/hpl_gclk.o
 .debug_macro   0x0001a049      0x54e hpl/mclk/hpl_mclk.o
 .debug_macro   0x0001a597      0x549 hpl/osc32kctrl/hpl_osc32kctrl.o
 .debug_macro   0x0001aae0       0xb8 hpl/osc32kctrl/hpl_osc32kctrl.o
 .debug_macro   0x0001ab98      0x549 hpl/oscctrl/hpl_oscctrl.o
 .debug_macro   0x0001b0e1      0x130 hpl/oscctrl/hpl_oscctrl.o
 .debug_macro   0x0001b211      0x79d hpl/sercom/hpl_sercom.o
 .debug_macro   0x0001b9ae       0x70 hpl/sercom/hpl_sercom.o
 .debug_macro   0x0001ba1e       0xba hpl/sercom/hpl_sercom.o
 .debug_macro   0x0001bad8       0x10 hpl/sercom/hpl_sercom.o
 .debug_macro   0x0001bae8       0x1c hpl/sercom/hpl_sercom.o
 .debug_macro   0x0001bb04       0x22 hpl/sercom/hpl_sercom.o
 .debug_macro   0x0001bb26       0x10 hpl/sercom/hpl_sercom.o
 .debug_macro   0x0001bb36      0x6f4 main.o

.debug_line     0x00000000     0xd580
 .debug_line    0x00000000      0xc07 atmel_start.o
 .debug_line    0x00000c07      0x7c3 Device_Startup/startup_samc21.o
 .debug_line    0x000013ca      0xc97 driver_init.o
 .debug_line    0x00002061      0xaf2 hal/src/hal_atomic.o
 .debug_line    0x00002b53      0xb06 hal/src/hal_io.o
 .debug_line    0x00003659      0xde1 hal/src/hal_usart_async.o
 .debug_line    0x0000443a      0xabc hal/utils/src/utils_assert.o
 .debug_line    0x00004ef6      0xb5b hal/utils/src/utils_ringbuffer.o
 .debug_line    0x00005a51      0xba9 hpl/core/hpl_init.o
 .debug_line    0x000065fa      0xbc4 hpl/divas/hpl_divas.o
 .debug_line    0x000071be      0xb0e hpl/gclk/hpl_gclk.o
 .debug_line    0x00007ccc      0xae4 hpl/mclk/hpl_mclk.o
 .debug_line    0x000087b0      0xaf9 hpl/osc32kctrl/hpl_osc32kctrl.o
 .debug_line    0x000092a9      0xb4b hpl/oscctrl/hpl_oscctrl.o
 .debug_line    0x00009df4     0x2a7b hpl/sercom/hpl_sercom.o
 .debug_line    0x0000c86f      0xd11 main.o

.debug_str      0x00000000    0x95f81
 .debug_str     0x00000000    0x8957e atmel_start.o
                              0x8a103 (size before relaxing)
 .debug_str     0x0008957e      0x3e2 Device_Startup/startup_samc21.o
                              0x84cad (size before relaxing)
 .debug_str     0x00089960     0x13a7 driver_init.o
                              0x8b535 (size before relaxing)
 .debug_str     0x0008ad07       0xb7 hal/src/hal_atomic.o
                              0x8941e (size before relaxing)
 .debug_str     0x0008adbe       0x44 hal/src/hal_io.o
                              0x894cb (size before relaxing)
 .debug_str     0x0008ae02      0x69d hal/src/hal_usart_async.o
                              0x8a335 (size before relaxing)
 .debug_str     0x0008b49f       0x2a hal/utils/src/utils_assert.o
                              0x8942e (size before relaxing)
 .debug_str     0x0008b4c9       0x24 hal/utils/src/utils_ringbuffer.o
                              0x894d4 (size before relaxing)
 .debug_str     0x0008b4ed     0x1ab4 hpl/core/hpl_init.o
                              0x8b916 (size before relaxing)
 .debug_str     0x0008cfa1      0x27b hpl/divas/hpl_divas.o
                              0x8969f (size before relaxing)
 .debug_str     0x0008d21c      0x81b hpl/gclk/hpl_gclk.o
                              0x89d63 (size before relaxing)
 .debug_str     0x0008da37       0x47 hpl/mclk/hpl_mclk.o
                              0x8977f (size before relaxing)
 .debug_str     0x0008da7e      0x528 hpl/osc32kctrl/hpl_osc32kctrl.o
                              0x8993e (size before relaxing)
 .debug_str     0x0008dfa6      0x8db hpl/oscctrl/hpl_oscctrl.o
                              0x89d5e (size before relaxing)
 .debug_str     0x0008e881     0x49ec hpl/sercom/hpl_sercom.o
                              0x8f1a5 (size before relaxing)
 .debug_str     0x0009326d     0x2d14 main.o
                              0x8d17a (size before relaxing)

.debug_frame    0x00000000     0x14f0
 .debug_frame   0x00000000       0x28 atmel_start.o
 .debug_frame   0x00000028       0x38 Device_Startup/startup_samc21.o
 .debug_frame   0x00000060       0x70 driver_init.o
 .debug_frame   0x000000d0       0x40 hal/src/hal_atomic.o
 .debug_frame   0x00000110       0x58 hal/src/hal_io.o
 .debug_frame   0x00000168      0x2ac hal/src/hal_usart_async.o
 .debug_frame   0x00000414       0x20 hal/utils/src/utils_assert.o
 .debug_frame   0x00000434       0x94 hal/utils/src/utils_ringbuffer.o
 .debug_frame   0x000004c8       0x28 hpl/core/hpl_init.o
 .debug_frame   0x000004f0       0x90 hpl/divas/hpl_divas.o
 .debug_frame   0x00000580       0x30 hpl/gclk/hpl_gclk.o
 .debug_frame   0x000005b0       0x20 hpl/mclk/hpl_mclk.o
 .debug_frame   0x000005d0       0x20 hpl/osc32kctrl/hpl_osc32kctrl.o
 .debug_frame   0x000005f0       0x30 hpl/oscctrl/hpl_oscctrl.o
 .debug_frame   0x00000620      0xdf4 hpl/sercom/hpl_sercom.o
 .debug_frame   0x00001414       0x68 main.o
 .debug_frame   0x0000147c       0x2c c:/program files (x86)/atmel/studio/7.0/toolchain/arm/arm-gnu-toolchain/bin/../lib/gcc/arm-none-eabi/6.3.1/../../../../arm-none-eabi/lib/thumb/v6-m\libc_nano.a(lib_a-init.o)
 .debug_frame   0x000014a8       0x28 c:/program files (x86)/atmel/studio/7.0/toolchain/arm/arm-gnu-toolchain/bin/../lib/gcc/arm-none-eabi/6.3.1/../../../../arm-none-eabi/lib/thumb/v6-m\libc_nano.a(lib_a-memcpy-stub.o)
 .debug_frame   0x000014d0       0x20 c:/program files (x86)/atmel/studio/7.0/toolchain/arm/arm-gnu-toolchain/bin/../lib/gcc/arm-none-eabi/6.3.1/../../../../arm-none-eabi/lib/thumb/v6-m\libc_nano.a(lib_a-memset.o)
